Component: ARM Compiler 6.7 Tool: armlink [5c9ef700]

==============================================================================

Section Cross References

    startup_stm32f407xx.o(STACK) refers (Special) to heapauxi.o(.text) for __use_two_region_memory
    startup_stm32f407xx.o(HEAP) refers (Special) to heapauxi.o(.text) for __use_two_region_memory
    startup_stm32f407xx.o(RESET) refers (Special) to heapauxi.o(.text) for __use_two_region_memory
    startup_stm32f407xx.o(RESET) refers to startup_stm32f407xx.o(STACK) for __initial_sp
    startup_stm32f407xx.o(RESET) refers to startup_stm32f407xx.o(.text) for Reset_Handler
    startup_stm32f407xx.o(RESET) refers to stm32f4xx_it.o(.text.NMI_Handler) for NMI_Handler
    startup_stm32f407xx.o(RESET) refers to stm32f4xx_it.o(.text.HardFault_Handler) for HardFault_Handler
    startup_stm32f407xx.o(RESET) refers to stm32f4xx_it.o(.text.MemManage_Handler) for MemManage_Handler
    startup_stm32f407xx.o(RESET) refers to stm32f4xx_it.o(.text.BusFault_Handler) for BusFault_Handler
    startup_stm32f407xx.o(RESET) refers to stm32f4xx_it.o(.text.UsageFault_Handler) for UsageFault_Handler
    startup_stm32f407xx.o(RESET) refers to stm32f4xx_it.o(.text.SVC_Handler) for SVC_Handler
    startup_stm32f407xx.o(RESET) refers to stm32f4xx_it.o(.text.DebugMon_Handler) for DebugMon_Handler
    startup_stm32f407xx.o(RESET) refers to stm32f4xx_it.o(.text.PendSV_Handler) for PendSV_Handler
    startup_stm32f407xx.o(RESET) refers to stm32f4xx_it.o(.text.SysTick_Handler) for SysTick_Handler
    startup_stm32f407xx.o(RESET) refers to stm32f4xx_it.o(.text.EXTI0_IRQHandler) for EXTI0_IRQHandler
    startup_stm32f407xx.o(RESET) refers to stm32f4xx_it.o(.text.EXTI3_IRQHandler) for EXTI3_IRQHandler
    startup_stm32f407xx.o(RESET) refers to stm32f4xx_it.o(.text.EXTI4_IRQHandler) for EXTI4_IRQHandler
    startup_stm32f407xx.o(RESET) refers to stm32f4xx_it.o(.text.DMA1_Stream1_IRQHandler) for DMA1_Stream1_IRQHandler
    startup_stm32f407xx.o(RESET) refers to stm32f4xx_it.o(.text.DMA1_Stream2_IRQHandler) for DMA1_Stream2_IRQHandler
    startup_stm32f407xx.o(RESET) refers to stm32f4xx_it.o(.text.DMA1_Stream4_IRQHandler) for DMA1_Stream4_IRQHandler
    startup_stm32f407xx.o(RESET) refers to stm32f4xx_it.o(.text.CAN1_RX0_IRQHandler) for CAN1_RX0_IRQHandler
    startup_stm32f407xx.o(RESET) refers to stm32f4xx_it.o(.text.CAN1_RX1_IRQHandler) for CAN1_RX1_IRQHandler
    startup_stm32f407xx.o(RESET) refers to stm32f4xx_it.o(.text.EXTI9_5_IRQHandler) for EXTI9_5_IRQHandler
    startup_stm32f407xx.o(RESET) refers to stm32f4xx_it.o(.text.TIM4_IRQHandler) for TIM4_IRQHandler
    startup_stm32f407xx.o(RESET) refers to stm32f4xx_it.o(.text.USART1_IRQHandler) for USART1_IRQHandler
    startup_stm32f407xx.o(RESET) refers to stm32f4xx_it.o(.text.USART3_IRQHandler) for USART3_IRQHandler
    startup_stm32f407xx.o(RESET) refers to stm32f4xx_it.o(.text.TIM5_IRQHandler) for TIM5_IRQHandler
    startup_stm32f407xx.o(RESET) refers to stm32f4xx_it.o(.text.DMA2_Stream1_IRQHandler) for DMA2_Stream1_IRQHandler
    startup_stm32f407xx.o(RESET) refers to stm32f4xx_it.o(.text.DMA2_Stream2_IRQHandler) for DMA2_Stream2_IRQHandler
    startup_stm32f407xx.o(RESET) refers to stm32f4xx_it.o(.text.DMA2_Stream3_IRQHandler) for DMA2_Stream3_IRQHandler
    startup_stm32f407xx.o(RESET) refers to stm32f4xx_it.o(.text.CAN2_RX0_IRQHandler) for CAN2_RX0_IRQHandler
    startup_stm32f407xx.o(RESET) refers to stm32f4xx_it.o(.text.CAN2_RX1_IRQHandler) for CAN2_RX1_IRQHandler
    startup_stm32f407xx.o(RESET) refers to stm32f4xx_it.o(.text.OTG_FS_IRQHandler) for OTG_FS_IRQHandler
    startup_stm32f407xx.o(RESET) refers to stm32f4xx_it.o(.text.DMA2_Stream5_IRQHandler) for DMA2_Stream5_IRQHandler
    startup_stm32f407xx.o(RESET) refers to stm32f4xx_it.o(.text.DMA2_Stream6_IRQHandler) for DMA2_Stream6_IRQHandler
    startup_stm32f407xx.o(RESET) refers to stm32f4xx_it.o(.text.DMA2_Stream7_IRQHandler) for DMA2_Stream7_IRQHandler
    startup_stm32f407xx.o(RESET) refers to stm32f4xx_it.o(.text.USART6_IRQHandler) for USART6_IRQHandler
    startup_stm32f407xx.o(.text) refers (Special) to heapauxi.o(.text) for __use_two_region_memory
    startup_stm32f407xx.o(.text) refers to system_stm32f4xx.o(.text.SystemInit) for SystemInit
    startup_stm32f407xx.o(.text) refers to __main.o(!!!main) for __main
    startup_stm32f407xx.o(.text) refers to startup_stm32f407xx.o(HEAP) for Heap_Mem
    startup_stm32f407xx.o(.text) refers to startup_stm32f407xx.o(STACK) for Stack_Mem
    main.o(.text.main) refers to stm32f4xx_hal.o(.text.HAL_Init) for HAL_Init
    main.o(.text.main) refers to main.o(.text.SystemClock_Config) for SystemClock_Config
    main.o(.text.main) refers to gpio.o(.text.MX_GPIO_Init) for MX_GPIO_Init
    main.o(.text.main) refers to dma.o(.text.MX_DMA_Init) for MX_DMA_Init
    main.o(.text.main) refers to can.o(.text.MX_CAN1_Init) for MX_CAN1_Init
    main.o(.text.main) refers to tim.o(.text.MX_TIM1_Init) for MX_TIM1_Init
[...]
    Class_PID::Init(float, float, float, float, float, float, float, float, float, float, float, Enum_PID_D_First) 0x0800ec59   Thumb Code   220  alg_pid.o(.text._ZN9Class_PID4InitEfffffffffff16Enum_PID_D_First)
    Class_PID::Get_Out()                     0x0800ed35   Thumb Code    18  dvc_djimotor.o(.text._ZN9Class_PID7Get_OutEv)
    Class_PID::Set_Now(float)                0x0800ed49   Thumb Code    34  dvc_djimotor.o(.text._ZN9Class_PID7Set_NowEf)
    Class_PID::Class_PID__sub_object()       0x0800ed6d   Thumb Code    50  task.o(.text._ZN9Class_PIDC2Ev)
    main                                     0x0800ef7d   Thumb Code    86  main.o(.text.main)
    __ARM_fpclassifyf                        0x0800efd3   Thumb Code    38  fpclassifyf.o(i.__ARM_fpclassifyf)
    __hardfp_atan2f                          0x0800eff9   Thumb Code   502  atan2f.o(i.__hardfp_atan2f)
    __mathlib_flt_infnan2                    0x0800f249   Thumb Code     6  funder.o(i.__mathlib_flt_infnan2)
    __mathlib_flt_underflow                  0x0800f251   Thumb Code    10  funder.o(i.__mathlib_flt_underflow)
    __aeabi_d2f                              0x0800f261   Thumb Code     0  d2f.o(x$fpl$d2f)
    _d2f                                     0x0800f261   Thumb Code    98  d2f.o(x$fpl$d2f)
    __aeabi_dadd                             0x0800f2c5   Thumb Code     0  daddsub_clz.o(x$fpl$dadd)
    _dadd                                    0x0800f2c5   Thumb Code   332  daddsub_clz.o(x$fpl$dadd)
    __aeabi_dmul                             0x0800f415   Thumb Code     0  dmul.o(x$fpl$dmul)
    _dmul                                    0x0800f415   Thumb Code   332  dmul.o(x$fpl$dmul)
    __fpl_dnaninf                            0x0800f569   Thumb Code   156  dnaninf.o(x$fpl$dnaninf)
    __fpl_dretinf                            0x0800f605   Thumb Code    12  dretinf.o(x$fpl$dretinf)
    __aeabi_dsub                             0x0800f611   Thumb Code     0  daddsub_clz.o(x$fpl$dsub)
    _dsub                                    0x0800f611   Thumb Code   464  daddsub_clz.o(x$fpl$dsub)
    __aeabi_f2d                              0x0800f7e5   Thumb Code     0  f2d.o(x$fpl$f2d)
    _f2d                                     0x0800f7e5   Thumb Code    86  f2d.o(x$fpl$f2d)
    __fpl_fnaninf                            0x0800f83b   Thumb Code   140  fnaninf.o(x$fpl$fnaninf)
    _fp_init                                 0x0800f8c7   Thumb Code    10  fpinit.o(x$fpl$fpinit)
    __fplib_config_fpu_vfp                   0x0800f8cf   Thumb Code     0  fpinit.o(x$fpl$fpinit)
    __fplib_config_pureend_doubles           0x0800f8cf   Thumb Code     0  fpinit.o(x$fpl$fpinit)
    __fpl_fretinf                            0x0800f8d1   Thumb Code    10  fretinf.o(x$fpl$fretinf)
    AHBPrescTable                            0x0800f8da   Data          16  system_stm32f4xx.o(.rodata.AHBPrescTable)
    __I$use$fp                               0x0800f8da   Number         0  usenofp.o(x$fpl$usenofp)
    APBPrescTable                            0x0800f8ea   Data           8  system_stm32f4xx.o(.rodata.APBPrescTable)
    Region$$Table$$Base                      0x0800f93c   Number         0  anon$$obj.o(Region$$Table)
    Region$$Table$$Limit                     0x0800f95c   Number         0  anon$$obj.o(Region$$Table)
    SHT$$INIT_ARRAY$$Base                    0x0800f95c   Number         0  crt_chassis.o(.init_array)
    SHT$$INIT_ARRAY$$Limit                   0x0800f964   Number         0  task.o(.init_array)
    FS_Desc                                  0x20000004   Data          28  usbd_desc.o(.data.FS_Desc)
    SystemCoreClock                          0x20000020   Data           4  system_stm32f4xx.o(.data.SystemCoreClock)
    USBD_CDC                                 0x20000024   Data          56  usbd_cdc.o(.data.USBD_CDC)
    USBD_FS_DeviceDesc                       0x200000ac   Data          18  usbd_desc.o(.data.USBD_FS_DeviceDesc)
    USBD_Interface_fops_FS                   0x200000c0   Data          20  usbd_cdc_if.o(.data.USBD_Interface_fops_FS)
    USBD_LangIDDesc                          0x200000d4   Data           4  usbd_desc.o(.data.USBD_LangIDDesc)
    USBD_StringSerial                        0x200000d8   Data          26  usbd_desc.o(.data.USBD_StringSerial)
    uwTickFreq                               0x200000f2   Data           1  stm32f4xx_hal.o(.data.uwTickFreq)
    uwTickPrio                               0x200000f4   Data           4  stm32f4xx_hal.o(.data.uwTickPrio)
    __libspace_start                         0x200000f8   Data          96  libspace.o(.bss)
    CAN1_0x1ff_Tx_Data                       0x20000158   Data           8  drv_can.o(.bss.CAN1_0x1ff_Tx_Data)
    __temporary_stack_top$libspace           0x20000158   Data           0  libspace.o(.bss)
    CAN1_0x200_Tx_Data                       0x20000160   Data           8  drv_can.o(.bss.CAN1_0x200_Tx_Data)
    CAN1_0x2ff_Tx_Data                       0x20000168   Data           8  drv_can.o(.bss.CAN1_0x2ff_Tx_Data)
    CAN1_Manage_Object                       0x20000170   Data          44  drv_can.o(.bss.CAN1_Manage_Object)
    CAN2_0x1ff_Tx_Data                       0x2000019c   Data           8  drv_can.o(.bss.CAN2_0x1ff_Tx_Data)
    CAN2_0x200_Tx_Data                       0x200001a4   Data           8  drv_can.o(.bss.CAN2_0x200_Tx_Data)
    CAN2_0x2ff_Tx_Data                       0x200001ac   Data           8  drv_can.o(.bss.CAN2_0x2ff_Tx_Data)
    CAN2_Manage_Object                       0x200001b4   Data          44  drv_can.o(.bss.CAN2_Manage_Object)
    DR16                                     0x200001e0   Data         180  task.o(.bss.DR16)
    Now                                      0x20000298   Data           1  dvc_dr16.o(.bss.Now)
    Pre                                      0x20000299   Data           1  dvc_dr16.o(.bss.Pre)
    TIM10_Manage_Object                      0x2000029c   Data           8  drv_tim.o(.bss.TIM10_Manage_Object)
    TIM11_Manage_Object                      0x200002a4   Data           8  drv_tim.o(.bss.TIM11_Manage_Object)
    TIM12_Manage_Object                      0x200002ac   Data           8  drv_tim.o(.bss.TIM12_Manage_Object)
    TIM13_Manage_Object                      0x200002b4   Data           8  drv_tim.o(.bss.TIM13_Manage_Object)
    TIM14_Manage_Object                      0x200002bc   Data           8  drv_tim.o(.bss.TIM14_Manage_Object)
    TIM1_Manage_Object                       0x200002c4   Data           8  drv_tim.o(.bss.TIM1_Manage_Object)
    TIM2_Manage_Object                       0x200002cc   Data           8  drv_tim.o(.bss.TIM2_Manage_Object)
    TIM3_Manage_Object                       0x200002d4   Data           8  drv_tim.o(.bss.TIM3_Manage_Object)
    TIM4_Manage_Object                       0x200002dc   Data           8  drv_tim.o(.bss.TIM4_Manage_Object)
    TIM5_Manage_Object                       0x200002e4   Data           8  drv_tim.o(.bss.TIM5_Manage_Object)
    TIM6_Manage_Object                       0x200002ec   Data           8  drv_tim.o(.bss.TIM6_Manage_Object)
    TIM7_Manage_Object                       0x200002f4   Data           8  drv_tim.o(.bss.TIM7_Manage_Object)
    TIM8_Manage_Object                       0x200002fc   Data           8  drv_tim.o(.bss.TIM8_Manage_Object)
    TIM9_Manage_Object                       0x20000304   Data           8  drv_tim.o(.bss.TIM9_Manage_Object)
    UART1_Manage_Object                      0x2000030c   Data        1040  drv_uart.o(.bss.UART1_Manage_Object)
    UART2_Manage_Object                      0x2000071c   Data        1040  drv_uart.o(.bss.UART2_Manage_Object)
    UART3_Manage_Object                      0x20000b2c   Data        1040  drv_uart.o(.bss.UART3_Manage_Object)
    UART4_Manage_Object                      0x20000f3c   Data        1040  drv_uart.o(.bss.UART4_Manage_Object)
    UART5_Manage_Object                      0x2000134c   Data        1040  drv_uart.o(.bss.UART5_Manage_Object)
    UART6_Manage_Object                      0x2000175c   Data        1040  drv_uart.o(.bss.UART6_Manage_Object)
    USBD_StrDesc                             0x20001b70   Data         512  usbd_desc.o(.bss.USBD_StrDesc)
    UserRxBufferFS                           0x20001f90   Data        2048  usbd_cdc_if.o(.bss.UserRxBufferFS)
    UserTxBufferFS                           0x20002790   Data        2048  usbd_cdc_if.o(.bss.UserTxBufferFS)
    chassis                                  0x20002fa8   Data        1316  task.o(.bss.chassis)
    hUsbDeviceFS                             0x200034cc   Data         732  usb_device.o(.bss.hUsbDeviceFS)
    hcan1                                    0x200037a8   Data          40  can.o(.bss.hcan1)
    hcan2                                    0x200037d0   Data          40  can.o(.bss.hcan2)
    hdma_i2c3_rx                             0x200037f8   Data          96  i2c.o(.bss.hdma_i2c3_rx)
    hdma_i2c3_tx                             0x20003858   Data          96  i2c.o(.bss.hdma_i2c3_tx)
    hdma_spi1_rx                             0x200038b8   Data          96  spi.o(.bss.hdma_spi1_rx)
    hdma_spi1_tx                             0x20003918   Data          96  spi.o(.bss.hdma_spi1_tx)
    hdma_usart1_rx                           0x20003978   Data          96  usart.o(.bss.hdma_usart1_rx)
    hdma_usart1_tx                           0x200039d8   Data          96  usart.o(.bss.hdma_usart1_tx)
    hdma_usart3_rx                           0x20003a38   Data          96  usart.o(.bss.hdma_usart3_rx)
    hdma_usart6_rx                           0x20003a98   Data          96  usart.o(.bss.hdma_usart6_rx)
    hdma_usart6_tx                           0x20003af8   Data          96  usart.o(.bss.hdma_usart6_tx)
    hi2c3                                    0x20003b58   Data          84  i2c.o(.bss.hi2c3)
    hpcd_USB_OTG_FS                          0x20003bac   Data        1252  usbd_conf.o(.bss.hpcd_USB_OTG_FS)
    hspi1                                    0x20004090   Data          88  spi.o(.bss.hspi1)
    htim1                                    0x200040e8   Data          72  tim.o(.bss.htim1)
    htim10                                   0x20004130   Data          72  tim.o(.bss.htim10)
    htim3                                    0x20004178   Data          72  tim.o(.bss.htim3)
    htim4                                    0x200041c0   Data          72  tim.o(.bss.htim4)
    htim5                                    0x20004208   Data          72  tim.o(.bss.htim5)
    huart1                                   0x20004250   Data          72  usart.o(.bss.huart1)
    huart3                                   0x20004298   Data          72  usart.o(.bss.huart3)
    huart6                                   0x200042e0   Data          72  usart.o(.bss.huart6)
    motor_3508                               0x20004328   Data         268  task.o(.bss.motor_3508)
    motor_wheel                              0x20004434   Data        1340  task.o(.bss.motor_wheel)
    uwTick                                   0x20004970   Data           4  stm32f4xx_hal.o(.bss.uwTick)
    v_x_max                                  0x20004974   Data           4  task.o(.bss.v_x_max)
    v_y_max                                  0x20004978   Data           4  task.o(.bss.v_y_max)



==============================================================================

Memory Map of the image

  Image Entry point : 0x08000189

  Load Region LR_IROM1 (Base: 0x08000000, Size: 0x0000fa60, Max: 0x00100000, ABSOLUTE)

    Execution Region ER_IROM1 (Exec base: 0x08000000, Load base: 0x08000000, Size: 0x0000f964, Max: 0x00100000, ABSOLUTE)

    Exec Addr    Load Addr    Size         Type   Attr      Idx    E Section Name        Object

    0x08000000   0x08000000   0x00000188   Data   RO            3    RESET               startup_stm32f407xx.o
    0x08000188   0x08000188   0x00000008   Code   RO         2805  * !!!main             c_w.l(__main.o)
    0x08000190   0x08000190   0x00000034   Code   RO         3802    !!!scatter          c_w.l(__scatter.o)
    0x080001c4   0x080001c4   0x0000001a   Code   RO         3804    !!handler_copy      c_w.l(__scatter_copy.o)
    0x080001de   0x080001de   0x00000002   PAD
    0x080001e0   0x080001e0   0x0000001c   Code   RO         3806    !!handler_zi        c_w.l(__scatter_zi.o)
    0x080001fc   0x080001fc   0x00000002   Code   RO         3705    .ARM.Collect$$libinit$$00000000  c_w.l(libinit.o)
    0x080001fe   0x080001fe   0x00000004   Code   RO         3028    .ARM.Collect$$libinit$$00000001  c_w.l(libinit2.o)
    0x08000202   0x08000202   0x00000000   Code   RO         3031    .ARM.Collect$$libinit$$00000004  c_w.l(libinit2.o)
    0x08000202   0x08000202   0x00000008   Code   RO         3032    .ARM.Collect$$libinit$$00000005  c_w.l(libinit2.o)
    0x0800020a   0x0800020a   0x00000000   Code   RO         3034    .ARM.Collect$$libinit$$0000000A  c_w.l(libinit2.o)
    0x0800020a   0x0800020a   0x00000000   Code   RO         3036    .ARM.Collect$$libinit$$0000000C  c_w.l(libinit2.o)
    0x0800020a   0x0800020a   0x00000000   Code   RO         3038    .ARM.Collect$$libinit$$0000000E  c_w.l(libinit2.o)
    0x0800020a   0x0800020a   0x00000000   Code   RO         3041    .ARM.Collect$$libinit$$00000011  c_w.l(libinit2.o)
    0x0800020a   0x0800020a   0x00000000   Code   RO         3043    .ARM.Collect$$libinit$$00000013  c_w.l(libinit2.o)
    0x0800020a   0x0800020a   0x00000000   Code   RO         3045    .ARM.Collect$$libinit$$00000015  c_w.l(libinit2.o)
    0x0800020a   0x0800020a   0x00000000   Code   RO         3047    .ARM.Collect$$libinit$$00000017  c_w.l(libinit2.o)
    0x0800020a   0x0800020a   0x00000000   Code   RO         3049    .ARM.Collect$$libinit$$00000019  c_w.l(libinit2.o)
    0x0800020a   0x0800020a   0x00000000   Code   RO         3051    .ARM.Collect$$libinit$$0000001B  c_w.l(libinit2.o)
    0x0800020a   0x0800020a   0x00000000   Code   RO         3053    .ARM.Collect$$libinit$$0000001D  c_w.l(libinit2.o)
    0x0800020a   0x0800020a   0x00000000   Code   RO         3055    .ARM.Collect$$libinit$$0000001F  c_w.l(libinit2.o)
    0x0800020a   0x0800020a   0x00000000   Code   RO         3057    .ARM.Collect$$libinit$$00000021  c_w.l(libinit2.o)
    0x0800020a   0x0800020a   0x00000000   Code   RO         3059    .ARM.Collect$$libinit$$00000023  c_w.l(libinit2.o)
    0x0800020a   0x0800020a   0x00000000   Code   RO         3061    .ARM.Collect$$libinit$$00000025  c_w.l(libinit2.o)
    0x0800020a   0x0800020a   0x00000008   Code   RO         3062    .ARM.Collect$$libinit$$00000026  c_w.l(libinit2.o)
    0x08000212   0x08000212   0x00000000   Code   RO         3067    .ARM.Collect$$libinit$$0000002E  c_w.l(libinit2.o)
    0x08000212   0x08000212   0x00000000   Code   RO         3069    .ARM.Collect$$libinit$$00000030  c_w.l(libinit2.o)
    0x08000212   0x08000212   0x00000004   Code   RO         3070    .ARM.Collect$$libinit$$00000031  c_w.l(libinit2.o)
    0x08000216   0x08000216   0x00000000   Code   RO         3071    .ARM.Collect$$libinit$$00000032  c_w.l(libinit2.o)
    0x08000216   0x08000216   0x00000002   Code   RO         3072    .ARM.Collect$$libinit$$00000033  c_w.l(libinit2.o)
    0x08000218   0x08000218   0x00000002   Code   RO         3800    .ARM.Collect$$libshutdown$$00000000  c_w.l(libshutdown.o)
    0x0800021a   0x0800021a   0x00000000   Code   RO         3771    .ARM.Collect$$libshutdown$$00000002  c_w.l(libshutdown2.o)
    0x0800021a   0x0800021a   0x00000000   Code   RO         3773    .ARM.Collect$$libshutdown$$00000004  c_w.l(libshutdown2.o)
    0x0800021a   0x0800021a   0x00000000   Code   RO         3776    .ARM.Collect$$libshutdown$$00000007  c_w.l(libshutdown2.o)
    0x0800021a   0x0800021a   0x00000000   Code   RO         3779    .ARM.Collect$$libshutdown$$0000000A  c_w.l(libshutdown2.o)
    0x0800021a   0x0800021a   0x00000000   Code   RO         3781    .ARM.Collect$$libshutdown$$0000000C  c_w.l(libshutdown2.o)
    0x0800021a   0x0800021a   0x00000000   Code   RO         3784    .ARM.Collect$$libshutdown$$0000000F  c_w.l(libshutdown2.o)
    0x0800021a   0x0800021a   0x00000002   Code   RO         3785    .ARM.Collect$$libshutdown$$00000010  c_w.l(libshutdown2.o)
    0x0800021c   0x0800021c   0x00000000   Code   RO         2951    .ARM.Collect$$rtentry$$00000000  c_w.l(__rtentry.o)
    0x0800021c   0x0800021c   0x00000000   Code   RO         3307    .ARM.Collect$$rtentry$$00000002  c_w.l(__rtentry2.o)
    0x0800021c   0x0800021c   0x00000006   Code   RO         3319    .ARM.Collect$$rtentry$$00000004  c_w.l(__rtentry4.o)
    0x08000222   0x08000222   0x00000000   Code   RO         3309    .ARM.Collect$$rtentry$$00000009  c_w.l(__rtentry2.o)
    0x08000222   0x08000222   0x00000004   Code   RO         3310    .ARM.Collect$$rtentry$$0000000A  c_w.l(__rtentry2.o)
    0x08000226   0x08000226   0x00000000   Code   RO         3312    .ARM.Collect$$rtentry$$0000000C  c_w.l(__rtentry2.o)
    0x08000226   0x08000226   0x00000008   Code   RO         3313    .ARM.Collect$$rtentry$$0000000D  c_w.l(__rtentry2.o)
    0x0800022e   0x0800022e   0x00000002   Code   RO         3741    .ARM.Collect$$rtexit$$00000000  c_w.l(rtexit.o)
    0x08000230   0x08000230   0x00000000   Code   RO         3758    .ARM.Collect$$rtexit$$00000002  c_w.l(rtexit2.o)
    0x08000230   0x08000230   0x00000004   Code   RO         3759    .ARM.Collect$$rtexit$$00000003  c_w.l(rtexit2.o)
    0x08000234   0x08000234   0x00000006   Code   RO         3760    .ARM.Collect$$rtexit$$00000004  c_w.l(rtexit2.o)
    0x0800023a   0x0800023a   0x00000002   PAD
    0x0800023c   0x0800023c   0x00000004   Code   RO         3361    .emb_text           c_w.l(argv_veneer.o)
    0x08000240   0x08000240   0x00000040   Code   RO            4    .text               startup_stm32f407xx.o
    0x08000280   0x08000280   0x000000ee   Code   RO         2797    .text               c_w.l(lludivv7m.o)
    0x0800036e   0x0800036e   0x0000008a   Code   RO         2799    .text               c_w.l(rt_memcpy_v6.o)
    0x080003f8   0x080003f8   0x0000004e   Code   RO         2801    .text               c_w.l(rt_memclr_w.o)
    0x08000446   0x08000446   0x00000006   Code   RO         2803    .text               c_w.l(heapauxi.o)
    0x0800044c   0x0800044c   0x00000024   Code   RO         2810    .text               c_w.l(init_aeabi.o)
    0x08000470   0x08000470   0x0000005e   Code   RO         2960    .text               c_w.l(h1_alloc.o)
    0x080004ce   0x080004ce   0x0000004e   Code   RO         2962    .text               c_w.l(h1_free.o)
    0x0800051c   0x0800051c   0x00000064   Code   RO         3026    .text               c_w.l(rt_memcpy_w.o)
    0x08000580   0x08000580   0x0000000c   Code   RO         3300    .text               c_w.l(sys_exit.o)
    0x0800058c   0x0800058c   0x00000008   Code   RO         3326    .text               c_w.l(rt_heap_descriptor_intlibspace.o)
    0x08000594   0x08000594   0x00000004   Code   RO         3333    .text               c_w.l(hguard.o)
    0x08000598   0x08000598   0x0000008a   Code   RO         3335    .text               c_w.l(init_alloc.o)
    0x08000622   0x08000622   0x0000000e   Code   RO         3339    .text               c_w.l(h1_init.o)
    0x08000630   0x08000630   0x00000108   Code   RO         3359    .text               c_w.l(_get_argv.o)
    0x08000738   0x08000738   0x00000018   Code   RO         3653    .text               c_w.l(sys_command.o)
    0x08000750   0x08000750   0x00000008   Code   RO         3657    .text               c_w.l(libspace.o)
    0x08000758   0x08000758   0x00000002   Code   RO         3660    .text               c_w.l(use_no_semi.o)
    0x0800075a   0x0800075a   0x00000000   Code   RO         3662    .text               c_w.l(indicate_semi.o)
    0x0800075a   0x0800075a   0x0000004a   Code   RO         3663    .text               c_w.l(sys_stackheap_outer.o)
    0x080007a4   0x080007a4   0x00000004   Code   RO         3667    .text               c_w.l(hrguard.o)
    0x080007a8   0x080007a8   0x00000000   Code   RO         3671    .text               c_w.l(maybetermalloc1.o)
    0x080007a8   0x080007a8   0x00000034   Code   RO         3673    .text               c_w.l(h1_extend.o)
    0x080007dc   0x080007dc   0x00000012   Code   RO         3677    .text               c_w.l(exit.o)
    0x080007ee   0x080007ee   0x0000000a   Code   RO         3679    .text               c_w.l(defsig_exit.o)
    0x080007f8   0x080007f8   0x0000000e   Code   RO         3687    .text               c_w.l(defsig_rtmem_outer.o)
    0x08000806   0x08000806   0x00000032   Code   RO         3747    .text               c_w.l(defsig_general.o)
    0x08000838   0x08000838   0x00000050   Code   RO         3751    .text               c_w.l(defsig_rtmem_inner.o)
    0x08000888   0x08000888   0x0000000e   Code   RO         3753    .text               c_w.l(sys_wrch.o)
    0x08000896   0x08000896   0x00000002   PAD
    0x08000898   0x08000898   0x00000004   Code   RO          183    .text.BusFault_Handler  stm32f4xx_it.o
    0x0800089c   0x0800089c   0x00000010   Code   RO          207    .text.CAN1_RX0_IRQHandler  stm32f4xx_it.o
    0x080008ac   0x080008ac   0x00000010   Code   RO          209    .text.CAN1_RX1_IRQHandler  stm32f4xx_it.o
    0x080008bc   0x080008bc   0x00000010   Code   RO          227    .text.CAN2_RX0_IRQHandler  stm32f4xx_it.o
    0x080008cc   0x080008cc   0x00000010   Code   RO          229    .text.CAN2_RX1_IRQHandler  stm32f4xx_it.o
    0x080008dc   0x080008dc   0x000000ac   Code   RO         2267    .text.CAN_Init      drv_can.o
    0x08000988   0x08000988   0x00000048   Code   RO         2269    .text.CAN_Send_Data  drv_can.o
    0x080009d0   0x080009d0   0x0000006e   Code   RO          318    .text.CDC_Control_FS  usbd_cdc_if.o
    0x08000a3e   0x08000a3e   0x00000002   PAD
    0x08000a40   0x08000a40   0x00000004   Code   RO          316    .text.CDC_DeInit_FS  usbd_cdc_if.o
    0x08000a44   0x08000a44   0x0000003a   Code   RO          314    .text.CDC_Init_FS   usbd_cdc_if.o
    0x08000a7e   0x08000a7e   0x00000002   PAD
    0x08000a80   0x08000a80   0x00000034   Code   RO          320    .text.CDC_Receive_FS  usbd_cdc_if.o
    0x08000ab4   0x08000ab4   0x0000002a   Code   RO          322    .text.CDC_TransmitCplt_FS  usbd_cdc_if.o
    0x08000ade   0x08000ade   0x00000002   PAD
    0x08000ae0   0x08000ae0   0x00000010   Code   RO          201    .text.DMA1_Stream1_IRQHandler  stm32f4xx_it.o
    0x08000af0   0x08000af0   0x00000010   Code   RO          203    .text.DMA1_Stream2_IRQHandler  stm32f4xx_it.o
    0x08000b00   0x08000b00   0x00000010   Code   RO          205    .text.DMA1_Stream4_IRQHandler  stm32f4xx_it.o
    0x08000b10   0x08000b10   0x00000010   Code   RO          221    .text.DMA2_Stream1_IRQHandler  stm32f4xx_it.o
    0x08000b20   0x08000b20   0x00000010   Code   RO          223    .text.DMA2_Stream2_IRQHandler  stm32f4xx_it.o
    0x08000b30   0x08000b30   0x00000010   Code   RO          225    .text.DMA2_Stream3_IRQHandler  stm32f4xx_it.o
    0x08000b40   0x08000b40   0x00000010   Code   RO          233    .text.DMA2_Stream5_IRQHandler  stm32f4xx_it.o
    0x08000b50   0x08000b50   0x00000010   Code   RO          235    .text.DMA2_Stream6_IRQHandler  stm32f4xx_it.o
    0x08000b60   0x08000b60   0x00000010   Code   RO          237    .text.DMA2_Stream7_IRQHandler  stm32f4xx_it.o
    0x08000b70   0x08000b70   0x0000005c   Code   RO          839    .text.DMA_CalcBaseAndBitshift  stm32f4xx_hal_dma.o
    0x08000bcc   0x08000bcc   0x000000f6   Code   RO          837    .text.DMA_CheckFifoParam  stm32f4xx_hal_dma.o
    0x08000cc2   0x08000cc2   0x00000002   PAD
    0x08000cc4   0x08000cc4   0x00000066   Code   RO          845    .text.DMA_SetConfig  stm32f4xx_hal_dma.o
    0x08000d2a   0x08000d2a   0x00000002   PAD
    0x08000d2c   0x08000d2c   0x00000002   Code   RO          189    .text.DebugMon_Handler  stm32f4xx_it.o
    0x08000d2e   0x08000d2e   0x00000002   PAD
    0x08000d30   0x08000d30   0x0000000a   Code   RO          195    .text.EXTI0_IRQHandler  stm32f4xx_it.o
    0x08000d3a   0x08000d3a   0x00000002   PAD
    0x08000d3c   0x08000d3c   0x0000000a   Code   RO          197    .text.EXTI3_IRQHandler  stm32f4xx_it.o
    0x08000d46   0x08000d46   0x00000002   PAD
    0x08000d48   0x08000d48   0x0000000a   Code   RO          199    .text.EXTI4_IRQHandler  stm32f4xx_it.o
    0x08000d52   0x08000d52   0x00000002   PAD
    0x08000d54   0x08000d54   0x0000000a   Code   RO          211    .text.EXTI9_5_IRQHandler  stm32f4xx_it.o
    0x08000d5e   0x08000d5e   0x00000002   PAD
    0x08000d60   0x08000d60   0x00000006   Code   RO           15    .text.Error_Handler  main.o
    0x08000d66   0x08000d66   0x00000002   PAD
    0x08000d68   0x08000d68   0x00000062   Code   RO          293    .text.Get_SerialNum  usbd_desc.o
    0x08000dca   0x08000dca   0x00000002   PAD
    0x08000dcc   0x08000dcc   0x0000005a   Code   RO         1157    .text.HAL_CAN_ActivateNotification  stm32f4xx_hal_can.o
    0x08000e26   0x08000e26   0x00000002   PAD
    0x08000e28   0x08000e28   0x00000172   Code   RO         1143    .text.HAL_CAN_AddTxMessage  stm32f4xx_hal_can.o
    0x08000f9a   0x08000f9a   0x00000002   PAD
    0x08000f9c   0x08000f9c   0x000001b6   Code   RO         1133    .text.HAL_CAN_ConfigFilter  stm32f4xx_hal_can.o
    0x08001152   0x08001152   0x00000002   PAD
    0x08001154   0x08001154   0x0000000c   Code   RO         1187    .text.HAL_CAN_ErrorCallback  stm32f4xx_hal_can.o
    0x08001160   0x08001160   0x00000232   Code   RO         1153    .text.HAL_CAN_GetRxMessage  stm32f4xx_hal_can.o
    0x08001392   0x08001392   0x00000002   PAD
    0x08001394   0x08001394   0x00000408   Code   RO         1161    .text.HAL_CAN_IRQHandler  stm32f4xx_hal_can.o
    0x0800179c   0x0800179c   0x000001f0   Code   RO         1123    .text.HAL_CAN_Init  stm32f4xx_hal_can.o
    0x0800198c   0x0800198c   0x000001bc   Code   RO           45    .text.HAL_CAN_MspInit  can.o
    0x08001b48   0x08001b48   0x0000000c   Code   RO         1175    .text.HAL_CAN_RxFifo0FullCallback  stm32f4xx_hal_can.o
    0x08001b54   0x08001b54   0x0000008c   Code   RO         2273    .text.HAL_CAN_RxFifo0MsgPendingCallback  drv_can.o
    0x08001be0   0x08001be0   0x0000000c   Code   RO         1179    .text.HAL_CAN_RxFifo1FullCallback  stm32f4xx_hal_can.o
    0x08001bec   0x08001bec   0x0000008c   Code   RO         2275    .text.HAL_CAN_RxFifo1MsgPendingCallback  drv_can.o
    0x08001c78   0x08001c78   0x0000000c   Code   RO         1183    .text.HAL_CAN_SleepCallback  stm32f4xx_hal_can.o
    0x08001c84   0x08001c84   0x00000094   Code   RO         1135    .text.HAL_CAN_Start  stm32f4xx_hal_can.o
    0x08001d18   0x08001d18   0x0000000c   Code   RO         1165    .text.HAL_CAN_TxMailbox0AbortCallback  stm32f4xx_hal_can.o
    0x08001d24   0x08001d24   0x0000000c   Code   RO         1163    .text.HAL_CAN_TxMailbox0CompleteCallback  stm32f4xx_hal_can.o
    0x08001d30   0x08001d30   0x0000000c   Code   RO         1169    .text.HAL_CAN_TxMailbox1AbortCallback  stm32f4xx_hal_can.o
    0x08001d3c   0x08001d3c   0x0000000c   Code   RO         1167    .text.HAL_CAN_TxMailbox1CompleteCallback  stm32f4xx_hal_can.o
    0x08001d48   0x08001d48   0x0000000c   Code   RO         1173    .text.HAL_CAN_TxMailbox2AbortCallback  stm32f4xx_hal_can.o
    0x08001d54   0x08001d54   0x0000000c   Code   RO         1171    .text.HAL_CAN_TxMailbox2CompleteCallback  stm32f4xx_hal_can.o
    0x08001d60   0x08001d60   0x0000000c   Code   RO         1185    .text.HAL_CAN_WakeUpFromRxMsgCallback  stm32f4xx_hal_can.o
    0x08001d6c   0x08001d6c   0x000000fc   Code   RO          849    .text.HAL_DMA_Abort  stm32f4xx_hal_dma.o
    0x08001e68   0x08001e68   0x00000048   Code   RO          851    .text.HAL_DMA_Abort_IT  stm32f4xx_hal_dma.o
    0x08001eb0   0x08001eb0   0x00000356   Code   RO          855    .text.HAL_DMA_IRQHandler  stm32f4xx_hal_dma.o
    0x08002206   0x08002206   0x00000002   PAD
    0x08002208   0x08002208   0x00000182   Code   RO          835    .text.HAL_DMA_Init  stm32f4xx_hal_dma.o
    0x0800238a   0x0800238a   0x00000002   PAD
    0x0800238c   0x0800238c   0x000000da   Code   RO          847    .text.HAL_DMA_Start_IT  stm32f4xx_hal_dma.o
    0x08002466   0x08002466   0x00000002   PAD
    0x08002468   0x08002468   0x0000004e   Code   RO         1046    .text.HAL_Delay     stm32f4xx_hal.o
    0x080024b6   0x080024b6   0x00000002   PAD
    0x080024b8   0x080024b8   0x0000000e   Code   RO          803    .text.HAL_GPIO_EXTI_Callback  stm32f4xx_hal_gpio.o
    0x080024c6   0x080024c6   0x00000002   PAD
    0x080024c8   0x080024c8   0x0000003c   Code   RO          801    .text.HAL_GPIO_EXTI_IRQHandler  stm32f4xx_hal_gpio.o
    0x08002504   0x08002504   0x000003d0   Code   RO          789    .text.HAL_GPIO_Init  stm32f4xx_hal_gpio.o
    0x080028d4   0x080028d4   0x00000042   Code   RO          795    .text.HAL_GPIO_WritePin  stm32f4xx_hal_gpio.o
    0x08002916   0x08002916   0x00000002   PAD
    0x08002918   0x08002918   0x0000000c   Code   RO         1038    .text.HAL_GetTick   stm32f4xx_hal.o
    0x08002924   0x08002924   0x000002c2   Code   RO         1206    .text.HAL_I2C_Init  stm32f4xx_hal_i2c.o
    0x08002be6   0x08002be6   0x00000002   PAD
    0x08002be8   0x08002be8   0x0000019a   Code   RO           78    .text.HAL_I2C_MspInit  i2c.o
    0x08002d82   0x08002d82   0x00000002   PAD
    0x08002d84   0x08002d84   0x0000001a   Code   RO         1036    .text.HAL_IncTick   stm32f4xx_hal.o
    0x08002d9e   0x08002d9e   0x00000002   PAD
    0x08002da0   0x08002da0   0x0000003c   Code   RO         1026    .text.HAL_Init      stm32f4xx_hal.o
    0x08002ddc   0x08002ddc   0x00000076   Code   RO         1028    .text.HAL_InitTick  stm32f4xx_hal.o
    0x08002e52   0x08002e52   0x00000002   PAD
    0x08002e54   0x08002e54   0x0000004e   Code   RO          252    .text.HAL_MspInit   stm32f4xx_hal_msp.o
    0x08002ea2   0x08002ea2   0x00000002   PAD
    0x08002ea4   0x08002ea4   0x00000018   Code   RO          957    .text.HAL_NVIC_EnableIRQ  stm32f4xx_hal_cortex.o
    0x08002ebc   0x08002ebc   0x00000046   Code   RO          949    .text.HAL_NVIC_SetPriority  stm32f4xx_hal_cortex.o
    0x08002f02   0x08002f02   0x00000002   PAD
    0x08002f04   0x08002f04   0x00000014   Code   RO          945    .text.HAL_NVIC_SetPriorityGrouping  stm32f4xx_hal_cortex.o
    0x08002f18   0x08002f18   0x00000014   Code   RO          506    .text.HAL_PCDEx_LPM_Callback  stm32f4xx_hal_pcd_ex.o
    0x08002f2c   0x08002f2c   0x00000020   Code   RO          504    .text.HAL_PCDEx_SetRxFiFo  stm32f4xx_hal_pcd_ex.o
    0x08002f4c   0x08002f4c   0x000000b0   Code   RO          502    .text.HAL_PCDEx_SetTxFiFo  stm32f4xx_hal_pcd_ex.o
    0x08002ffc   0x08002ffc   0x0000001a   Code   RO          362    .text.HAL_PCD_ConnectCallback  usbd_conf.o
    0x08003016   0x08003016   0x00000002   PAD
    0x08003018   0x08003018   0x0000003c   Code   RO          348    .text.HAL_PCD_DataInStageCallback  usbd_conf.o
    0x08003054   0x08003054   0x0000003e   Code   RO          346    .text.HAL_PCD_DataOutStageCallback  usbd_conf.o
    0x08003092   0x08003092   0x00000002   PAD
    0x08003094   0x08003094   0x0000001a   Code   RO          364    .text.HAL_PCD_DisconnectCallback  usbd_conf.o
    0x080030ae   0x080030ae   0x00000002   PAD
    0x080030b0   0x080030b0   0x00000066   Code   RO          449    .text.HAL_PCD_EP_Abort  stm32f4xx_hal_pcd.o
    0x08003116   0x08003116   0x00000002   PAD
    0x08003118   0x08003118   0x000000b2   Code   RO          469    .text.HAL_PCD_EP_Close  stm32f4xx_hal_pcd.o
    0x080031ca   0x080031ca   0x00000002   PAD
    0x080031cc   0x080031cc   0x000000d2   Code   RO          479    .text.HAL_PCD_EP_ClrStall  stm32f4xx_hal_pcd.o
    0x0800329e   0x0800329e   0x00000002   PAD
    0x080032a0   0x080032a0   0x0000002a   Code   RO          473    .text.HAL_PCD_EP_GetRxCount  stm32f4xx_hal_pcd.o
    0x080032ca   0x080032ca   0x00000002   PAD
    0x080032cc   0x080032cc   0x00000106   Code   RO          467    .text.HAL_PCD_EP_Open  stm32f4xx_hal_pcd.o
    0x080033d2   0x080033d2   0x00000002   PAD
    0x080033d4   0x080033d4   0x0000008c   Code   RO          471    .text.HAL_PCD_EP_Receive  stm32f4xx_hal_pcd.o
    0x08003460   0x08003460   0x000000f2   Code   RO          477    .text.HAL_PCD_EP_SetStall  stm32f4xx_hal_pcd.o
    0x08003552   0x08003552   0x00000002   PAD
    0x08003554   0x08003554   0x0000008c   Code   RO          475    .text.HAL_PCD_EP_Transmit  stm32f4xx_hal_pcd.o
    0x080035e0   0x080035e0   0x00000878   Code   RO          427    .text.HAL_PCD_IRQHandler  stm32f4xx_hal_pcd.o
    0x08003e58   0x08003e58   0x00000026   Code   RO          360    .text.HAL_PCD_ISOINIncompleteCallback  usbd_conf.o
    0x08003e7e   0x08003e7e   0x00000002   PAD
    0x08003e80   0x08003e80   0x00000026   Code   RO          358    .text.HAL_PCD_ISOOUTIncompleteCallback  usbd_conf.o
    0x08003ea6   0x08003ea6   0x00000002   PAD
    0x08003ea8   0x08003ea8   0x00000272   Code   RO          415    .text.HAL_PCD_Init  stm32f4xx_hal_pcd.o
    0x0800411a   0x0800411a   0x00000002   PAD
    0x0800411c   0x0800411c   0x000000ba   Code   RO          340    .text.HAL_PCD_MspInit  usbd_conf.o
    0x080041d6   0x080041d6   0x00000002   PAD
    0x080041d8   0x080041d8   0x0000005e   Code   RO          352    .text.HAL_PCD_ResetCallback  usbd_conf.o
    0x08004236   0x08004236   0x00000002   PAD
    0x08004238   0x08004238   0x0000001a   Code   RO          356    .text.HAL_PCD_ResumeCallback  usbd_conf.o
    0x08004252   0x08004252   0x00000002   PAD
    0x08004254   0x08004254   0x0000001a   Code   RO          350    .text.HAL_PCD_SOFCallback  usbd_conf.o
    0x0800426e   0x0800426e   0x00000002   PAD
    0x08004270   0x08004270   0x00000066   Code   RO          465    .text.HAL_PCD_SetAddress  stm32f4xx_hal_pcd.o
    0x080042d6   0x080042d6   0x00000002   PAD
    0x080042d8   0x080042d8   0x00000026   Code   RO          344    .text.HAL_PCD_SetupStageCallback  usbd_conf.o
    0x080042fe   0x080042fe   0x00000002   PAD
    0x08004300   0x08004300   0x0000008a   Code   RO          423    .text.HAL_PCD_Start  stm32f4xx_hal_pcd.o
    0x0800438a   0x0800438a   0x00000002   PAD
    0x0800438c   0x0800438c   0x00000046   Code   RO          354    .text.HAL_PCD_SuspendCallback  usbd_conf.o
    0x080043d2   0x080043d2   0x00000002   PAD
    0x080043d4   0x080043d4   0x00000276   Code   RO          634    .text.HAL_RCC_ClockConfig  stm32f4xx_hal_rcc.o
    0x0800464a   0x0800464a   0x00000002   PAD
    0x0800464c   0x0800464c   0x0000000c   Code   RO          644    .text.HAL_RCC_GetHCLKFreq  stm32f4xx_hal_rcc.o
    0x08004658   0x08004658   0x00000026   Code   RO          646    .text.HAL_RCC_GetPCLK1Freq  stm32f4xx_hal_rcc.o
    0x0800467e   0x0800467e   0x00000002   PAD
    0x08004680   0x08004680   0x00000026   Code   RO          648    .text.HAL_RCC_GetPCLK2Freq  stm32f4xx_hal_rcc.o
    0x080046a6   0x080046a6   0x00000002   PAD
    0x080046a8   0x080046a8   0x000000e8   Code   RO          636    .text.HAL_RCC_GetSysClockFreq  stm32f4xx_hal_rcc.o
    0x08004790   0x08004790   0x00000700   Code   RO          632    .text.HAL_RCC_OscConfig  stm32f4xx_hal_rcc.o
    0x08004e90   0x08004e90   0x00000108   Code   RO         1389    .text.HAL_SPI_Init  stm32f4xx_hal_spi.o
    0x08004f98   0x08004f98   0x000001b2   Code   RO           98    .text.HAL_SPI_MspInit  spi.o
    0x0800514a   0x0800514a   0x00000002   PAD
    0x0800514c   0x0800514c   0x00000014   Code   RO          969    .text.HAL_SYSTICK_Config  stm32f4xx_hal_cortex.o
    0x08005160   0x08005160   0x0000000c   Code   RO         1837    .text.HAL_TIMEx_BreakCallback  stm32f4xx_hal_tim_ex.o
    0x0800516c   0x0800516c   0x0000000c   Code   RO         1833    .text.HAL_TIMEx_CommutCallback  stm32f4xx_hal_tim_ex.o
    0x08005178   0x08005178   0x000000ba   Code   RO         1829    .text.HAL_TIMEx_ConfigBreakDeadTime  stm32f4xx_hal_tim_ex.o
    0x08005232   0x08005232   0x00000002   PAD
    0x08005234   0x08005234   0x0000012a   Code   RO         1827    .text.HAL_TIMEx_MasterConfigSynchronization  stm32f4xx_hal_tim_ex.o
    0x0800535e   0x0800535e   0x00000002   PAD
    0x08005360   0x08005360   0x000000aa   Code   RO         1510    .text.HAL_TIM_Base_Init  stm32f4xx_hal_tim.o
    0x0800540a   0x0800540a   0x00000002   PAD
    0x0800540c   0x0800540c   0x00000150   Code   RO          128    .text.HAL_TIM_Base_MspInit  tim.o
    0x0800555c   0x0800555c   0x000000fa   Code   RO         1524    .text.HAL_TIM_Base_Start_IT  stm32f4xx_hal_tim.o
    0x08005656   0x08005656   0x00000002   PAD
    0x08005658   0x08005658   0x000001ac   Code   RO         1702    .text.HAL_TIM_ConfigClockSource  stm32f4xx_hal_tim.o
    0x08005804   0x08005804   0x0000000c   Code   RO         1646    .text.HAL_TIM_IC_CaptureCallback  stm32f4xx_hal_tim.o
    0x08005810   0x08005810   0x00000206   Code   RO         1644    .text.HAL_TIM_IRQHandler  stm32f4xx_hal_tim.o
    0x08005a16   0x08005a16   0x00000002   PAD
    0x08005a18   0x08005a18   0x000000cc   Code   RO          118    .text.HAL_TIM_MspPostInit  tim.o
    0x08005ae4   0x08005ae4   0x0000000c   Code   RO         1648    .text.HAL_TIM_OC_DelayElapsedCallback  stm32f4xx_hal_tim.o
    0x08005af0   0x08005af0   0x0000015e   Code   RO         1676    .text.HAL_TIM_PWM_ConfigChannel  stm32f4xx_hal_tim.o
    0x08005c4e   0x08005c4e   0x00000002   PAD
    0x08005c50   0x08005c50   0x000000aa   Code   RO         1564    .text.HAL_TIM_PWM_Init  stm32f4xx_hal_tim.o
    0x08005cfa   0x08005cfa   0x00000002   PAD
    0x08005cfc   0x08005cfc   0x0000000c   Code   RO         1566    .text.HAL_TIM_PWM_MspInit  stm32f4xx_hal_tim.o
    0x08005d08   0x08005d08   0x0000000c   Code   RO         1650    .text.HAL_TIM_PWM_PulseFinishedCallback  stm32f4xx_hal_tim.o
    0x08005d14   0x08005d14   0x000001e0   Code   RO         2384    .text.HAL_TIM_PeriodElapsedCallback  drv_tim.o
    0x08005ef4   0x08005ef4   0x0000000c   Code   RO         1654    .text.HAL_TIM_TriggerCallback  stm32f4xx_hal_tim.o
    0x08005f00   0x08005f00   0x000000ce   Code   RO         1908    .text.HAL_UARTEx_ReceiveToIdle_DMA  stm32f4xx_hal_uart.o
    0x08005fce   0x08005fce   0x00000002   PAD
    0x08005fd0   0x08005fd0   0x000001f4   Code   RO         2417    .text.HAL_UARTEx_RxEventCallback  drv_uart.o
    0x080061c4   0x080061c4   0x0000000c   Code   RO         1944    .text.HAL_UART_ErrorCallback  stm32f4xx_hal_uart.o
    0x080061d0   0x080061d0   0x00000482   Code   RO         1938    .text.HAL_UART_IRQHandler  stm32f4xx_hal_uart.o
    0x08006652   0x08006652   0x00000002   PAD
    0x08006654   0x08006654   0x000000aa   Code   RO         1854    .text.HAL_UART_Init  stm32f4xx_hal_uart.o
    0x080066fe   0x080066fe   0x00000002   PAD
    0x08006700   0x08006700   0x00000406   Code   RO          154    .text.HAL_UART_MspInit  usart.o
    0x08006b06   0x08006b06   0x00000002   PAD
    0x08006b08   0x08006b08   0x0000000c   Code   RO         1956    .text.HAL_UART_RxCpltCallback  stm32f4xx_hal_uart.o
    0x08006b14   0x08006b14   0x0000000c   Code   RO         1958    .text.HAL_UART_RxHalfCpltCallback  stm32f4xx_hal_uart.o
    0x08006b20   0x08006b20   0x00000118   Code   RO         1882    .text.HAL_UART_Transmit_DMA  stm32f4xx_hal_uart.o
    0x08006c38   0x08006c38   0x0000000c   Code   RO         1952    .text.HAL_UART_TxCpltCallback  stm32f4xx_hal_uart.o
    0x08006c44   0x08006c44   0x0000000c   Code   RO         1954    .text.HAL_UART_TxHalfCpltCallback  stm32f4xx_hal_uart.o
    0x08006c50   0x08006c50   0x00000004   Code   RO          179    .text.HardFault_Handler  stm32f4xx_it.o
    0x08006c54   0x08006c54   0x0000008a   Code   RO          295    .text.IntToUnicode  usbd_desc.o
    0x08006cde   0x08006cde   0x00000002   PAD
    0x08006ce0   0x08006ce0   0x0000004a   Code   RO           41    .text.MX_CAN1_Init  can.o
    0x08006d2a   0x08006d2a   0x00000002   PAD
    0x08006d2c   0x08006d2c   0x0000004a   Code   RO           43    .text.MX_CAN2_Init  can.o
    0x08006d76   0x08006d76   0x00000002   PAD
    0x08006d78   0x08006d78   0x000000f6   Code   RO           63    .text.MX_DMA_Init   dma.o
    0x08006e6e   0x08006e6e   0x00000002   PAD
    0x08006e70   0x08006e70   0x00000238   Code   RO           28    .text.MX_GPIO_Init  gpio.o
    0x080070a8   0x080070a8   0x00000044   Code   RO           76    .text.MX_I2C3_Init  i2c.o
    0x080070ec   0x080070ec   0x0000004e   Code   RO           96    .text.MX_SPI1_Init  spi.o
    0x0800713a   0x0800713a   0x00000002   PAD
    0x0800713c   0x0800713c   0x0000009c   Code   RO          126    .text.MX_TIM10_Init  tim.o
    0x080071d8   0x080071d8   0x00000128   Code   RO          116    .text.MX_TIM1_Init  tim.o
    0x08007300   0x08007300   0x0000008a   Code   RO          120    .text.MX_TIM3_Init  tim.o
    0x0800738a   0x0800738a   0x00000002   PAD
    0x0800738c   0x0800738c   0x0000008a   Code   RO          122    .text.MX_TIM4_Init  tim.o
    0x08007416   0x08007416   0x00000002   PAD
    0x08007418   0x08007418   0x0000008a   Code   RO          124    .text.MX_TIM5_Init  tim.o
    0x080074a2   0x080074a2   0x00000002   PAD
    0x080074a4   0x080074a4   0x0000003c   Code   RO          148    .text.MX_USART1_UART_Init  usart.o
    0x080074e0   0x080074e0   0x00000048   Code   RO          150    .text.MX_USART3_UART_Init  usart.o
    0x08007528   0x08007528   0x0000003c   Code   RO          152    .text.MX_USART6_UART_Init  usart.o
    0x08007564   0x08007564   0x0000007e   Code   RO          265    .text.MX_USB_DEVICE_Init  usb_device.o
    0x080075e2   0x080075e2   0x00000002   PAD
    0x080075e4   0x080075e4   0x00000004   Code   RO          181    .text.MemManage_Handler  stm32f4xx_it.o
    0x080075e8   0x080075e8   0x00000004   Code   RO          177    .text.NMI_Handler   stm32f4xx_it.o
    0x080075ec   0x080075ec   0x00000080   Code   RO          955    .text.NVIC_EncodePriority  stm32f4xx_hal_cortex.o
    0x0800766c   0x0800766c   0x00000010   Code   RO          231    .text.OTG_FS_IRQHandler  stm32f4xx_it.o
    0x0800767c   0x0800767c   0x00000098   Code   RO          431    .text.PCD_EP_OutSetupPacket_int  stm32f4xx_hal_pcd.o
    0x08007714   0x08007714   0x000001dc   Code   RO          429    .text.PCD_EP_OutXfrComplete_int  stm32f4xx_hal_pcd.o
    0x080078f0   0x080078f0   0x00000140   Code   RO          439    .text.PCD_WriteEmptyTxFifo  stm32f4xx_hal_pcd.o
    0x08007a30   0x08007a30   0x00000002   Code   RO          191    .text.PendSV_Handler  stm32f4xx_it.o
    0x08007a32   0x08007a32   0x00000002   PAD
    0x08007a34   0x08007a34   0x00000002   Code   RO          187    .text.SVC_Handler   stm32f4xx_it.o
    0x08007a36   0x08007a36   0x00000002   PAD
    0x08007a38   0x08007a38   0x0000003a   Code   RO         2090    .text.SWAPBYTE      usbd_ctlreq.o
    0x08007a72   0x08007a72   0x00000002   PAD
    0x08007a74   0x08007a74   0x0000005a   Code   RO          971    .text.SysTick_Config  stm32f4xx_hal_cortex.o
    0x08007ace   0x08007ace   0x00000002   PAD
    0x08007ad0   0x08007ad0   0x00000008   Code   RO          193    .text.SysTick_Handler  stm32f4xx_it.o
    0x08007ad8   0x08007ad8   0x000000c4   Code   RO           13    .text.SystemClock_Config  main.o
    0x08007b9c   0x08007b9c   0x00000012   Code   RO         1989    .text.SystemInit    system_stm32f4xx.o
    0x08007bae   0x08007bae   0x00000002   PAD
    0x08007bb0   0x08007bb0   0x00000010   Code   RO          213    .text.TIM4_IRQHandler  stm32f4xx_it.o
    0x08007bc0   0x08007bc0   0x00000010   Code   RO          219    .text.TIM5_IRQHandler  stm32f4xx_it.o
    0x08007bd0   0x08007bd0   0x000001ac   Code   RO         1514    .text.TIM_Base_SetConfig  stm32f4xx_hal_tim.o
    0x08007d7c   0x08007d7c   0x00000024   Code   RO         2271    .text.TIM_CAN_PeriodElapsedCallback  drv_can.o
    0x08007da0   0x08007da0   0x0000004a   Code   RO         1700    .text.TIM_ETR_SetConfig  stm32f4xx_hal_tim.o
    0x08007dea   0x08007dea   0x00000002   PAD
    0x08007dec   0x08007dec   0x00000032   Code   RO         1706    .text.TIM_ITRx_SetConfig  stm32f4xx_hal_tim.o
    0x08007e1e   0x08007e1e   0x00000002   PAD
    0x08007e20   0x08007e20   0x0000021c   Code   RO         2382    .text.TIM_Init      drv_tim.o
    0x0800803c   0x0800803c   0x000000f2   Code   RO         1658    .text.TIM_OC1_SetConfig  stm32f4xx_hal_tim.o
    0x0800812e   0x0800812e   0x00000002   PAD
    0x08008130   0x08008130   0x000000fc   Code   RO         1660    .text.TIM_OC2_SetConfig  stm32f4xx_hal_tim.o
    0x0800822c   0x0800822c   0x000000fa   Code   RO         1662    .text.TIM_OC3_SetConfig  stm32f4xx_hal_tim.o
    0x08008326   0x08008326   0x00000002   PAD
    0x08008328   0x08008328   0x000000ac   Code   RO         1664    .text.TIM_OC4_SetConfig  stm32f4xx_hal_tim.o
    0x080083d4   0x080083d4   0x00000062   Code   RO         1704    .text.TIM_TI1_ConfigInputStage  stm32f4xx_hal_tim.o
    0x08008436   0x08008436   0x00000002   PAD
    0x08008438   0x08008438   0x00000064   Code   RO         1708    .text.TIM_TI2_ConfigInputStage  stm32f4xx_hal_tim.o
    0x0800849c   0x0800849c   0x000000ca   Code   RO         2738    .text.Task_Init     task.o
    0x08008566   0x08008566   0x00000002   PAD
    0x08008568   0x08008568   0x00000020   Code   RO         1942    .text.UART_DMAAbortOnError  stm32f4xx_hal_uart.o
    0x08008588   0x08008588   0x00000084   Code   RO         1888    .text.UART_DMAError  stm32f4xx_hal_uart.o
    0x0800860c   0x0800860c   0x000000f8   Code   RO         1974    .text.UART_DMAReceiveCplt  stm32f4xx_hal_uart.o
    0x08008704   0x08008704   0x00000038   Code   RO         1976    .text.UART_DMARxHalfCplt  stm32f4xx_hal_uart.o
    0x0800873c   0x0800873c   0x0000007e   Code   RO         1884    .text.UART_DMATransmitCplt  stm32f4xx_hal_uart.o
    0x080087ba   0x080087ba   0x00000002   PAD
    0x080087bc   0x080087bc   0x0000001a   Code   RO         1886    .text.UART_DMATxHalfCplt  stm32f4xx_hal_uart.o
    0x080087d6   0x080087d6   0x00000002   PAD
    0x080087d8   0x080087d8   0x00000098   Code   RO         1902    .text.UART_EndRxTransfer  stm32f4xx_hal_uart.o
    0x08008870   0x08008870   0x0000002a   Code   RO         1950    .text.UART_EndTransmit_IT  stm32f4xx_hal_uart.o
    0x0800889a   0x0800889a   0x00000002   PAD
    0x0800889c   0x0800889c   0x0000003a   Code   RO         1900    .text.UART_EndTxTransfer  stm32f4xx_hal_uart.o
    0x080088d6   0x080088d6   0x00000002   PAD
    0x080088d8   0x080088d8   0x00000176   Code   RO         1940    .text.UART_Receive_IT  stm32f4xx_hal_uart.o
    0x08008a4e   0x08008a4e   0x00000002   PAD
    0x08008a50   0x08008a50   0x00000166   Code   RO         1858    .text.UART_SetConfig  stm32f4xx_hal_uart.o
    0x08008bb6   0x08008bb6   0x00000002   PAD
    0x08008bb8   0x08008bb8   0x00000148   Code   RO         1892    .text.UART_Start_Receive_DMA  stm32f4xx_hal_uart.o
    0x08008d00   0x08008d00   0x0000009e   Code   RO         1948    .text.UART_Transmit_IT  stm32f4xx_hal_uart.o
    0x08008d9e   0x08008d9e   0x00000002   PAD
    0x08008da0   0x08008da0   0x00000010   Code   RO          215    .text.USART1_IRQHandler  stm32f4xx_it.o
    0x08008db0   0x08008db0   0x00000010   Code   RO          217    .text.USART3_IRQHandler  stm32f4xx_it.o
    0x08008dc0   0x08008dc0   0x00000010   Code   RO          239    .text.USART6_IRQHandler  stm32f4xx_it.o
    0x08008dd0   0x08008dd0   0x00000116   Code   RO         2141    .text.USBD_CDC_DataIn  usbd_cdc.o
    0x08008ee6   0x08008ee6   0x00000002   PAD
    0x08008ee8   0x08008ee8   0x00000084   Code   RO         2143    .text.USBD_CDC_DataOut  usbd_cdc.o
    0x08008f6c   0x08008f6c   0x0000011a   Code   RO         2135    .text.USBD_CDC_DeInit  usbd_cdc.o
    0x08009086   0x08009086   0x00000002   PAD
    0x08009088   0x08009088   0x0000008a   Code   RO         2139    .text.USBD_CDC_EP0_RxReady  usbd_cdc.o
    0x08009112   0x08009112   0x00000002   PAD
    0x08009114   0x08009114   0x0000001a   Code   RO         2151    .text.USBD_CDC_GetDeviceQualifierDescriptor  usbd_cdc.o
    0x0800912e   0x0800912e   0x00000002   PAD
    0x08009130   0x08009130   0x00000074   Code   RO         2147    .text.USBD_CDC_GetFSCfgDesc  usbd_cdc.o
    0x080091a4   0x080091a4   0x00000078   Code   RO         2145    .text.USBD_CDC_GetHSCfgDesc  usbd_cdc.o
    0x0800921c   0x0800921c   0x00000074   Code   RO         2149    .text.USBD_CDC_GetOtherSpeedCfgDesc  usbd_cdc.o
    0x08009290   0x08009290   0x0000027e   Code   RO         2133    .text.USBD_CDC_Init  usbd_cdc.o
    0x0800950e   0x0800950e   0x00000002   PAD
    0x08009510   0x08009510   0x0000008a   Code   RO         2161    .text.USBD_CDC_ReceivePacket  usbd_cdc.o
    0x0800959a   0x0800959a   0x00000002   PAD
    0x0800959c   0x0800959c   0x0000003e   Code   RO         2153    .text.USBD_CDC_RegisterInterface  usbd_cdc.o
    0x080095da   0x080095da   0x00000002   PAD
    0x080095dc   0x080095dc   0x00000046   Code   RO         2157    .text.USBD_CDC_SetRxBuffer  usbd_cdc.o
    0x08009622   0x08009622   0x00000002   PAD
    0x08009624   0x08009624   0x0000005a   Code   RO         2155    .text.USBD_CDC_SetTxBuffer  usbd_cdc.o
    0x0800967e   0x0800967e   0x00000002   PAD
    0x08009680   0x08009680   0x000001f4   Code   RO         2137    .text.USBD_CDC_Setup  usbd_cdc.o
    0x08009874   0x08009874   0x00000044   Code   RO         2021    .text.USBD_ClrClassConfig  usbd_core.o
    0x080098b8   0x080098b8   0x0000004a   Code   RO         2080    .text.USBD_ClrFeature  usbd_ctlreq.o
    0x08009902   0x08009902   0x00000002   PAD
    0x08009904   0x08009904   0x00000016   Code   RO         2029    .text.USBD_CoreFindEP  usbd_core.o
    0x0800991a   0x0800991a   0x00000002   PAD
    0x0800991c   0x0800991c   0x00000016   Code   RO         2027    .text.USBD_CoreFindIF  usbd_core.o
    0x08009932   0x08009932   0x00000002   PAD
    0x08009934   0x08009934   0x0000003a   Code   RO         2114    .text.USBD_CtlContinueRx  usbd_ioreq.o
    0x0800996e   0x0800996e   0x00000002   PAD
    0x08009970   0x08009970   0x0000003a   Code   RO         2110    .text.USBD_CtlContinueSendData  usbd_ioreq.o
    0x080099aa   0x080099aa   0x00000002   PAD
    0x080099ac   0x080099ac   0x0000002c   Code   RO         2082    .text.USBD_CtlError  usbd_ctlreq.o
    0x080099d8   0x080099d8   0x0000005a   Code   RO         2112    .text.USBD_CtlPrepareRx  usbd_ioreq.o
    0x08009a32   0x08009a32   0x00000002   PAD
    0x08009a34   0x08009a34   0x0000002a   Code   RO         2118    .text.USBD_CtlReceiveStatus  usbd_ioreq.o
    0x08009a5e   0x08009a5e   0x00000002   PAD
    0x08009a60   0x08009a60   0x00000054   Code   RO         2108    .text.USBD_CtlSendData  usbd_ioreq.o
    0x08009ab4   0x08009ab4   0x0000002a   Code   RO         2116    .text.USBD_CtlSendStatus  usbd_ioreq.o
    0x08009ade   0x08009ade   0x00000002   PAD
    0x08009ae0   0x08009ae0   0x00000058   Code   RO          289    .text.USBD_FS_ConfigStrDescriptor  usbd_desc.o
    0x08009b38   0x08009b38   0x00000022   Code   RO          279    .text.USBD_FS_DeviceDescriptor  usbd_desc.o
    0x08009b5a   0x08009b5a   0x00000002   PAD
    0x08009b5c   0x08009b5c   0x00000058   Code   RO          291    .text.USBD_FS_InterfaceStrDescriptor  usbd_desc.o
    0x08009bb4   0x08009bb4   0x00000022   Code   RO          281    .text.USBD_FS_LangIDStrDescriptor  usbd_desc.o
    0x08009bd6   0x08009bd6   0x00000002   PAD
    0x08009bd8   0x08009bd8   0x0000003e   Code   RO          283    .text.USBD_FS_ManufacturerStrDescriptor  usbd_desc.o
    0x08009c16   0x08009c16   0x00000002   PAD
    0x08009c18   0x08009c18   0x00000058   Code   RO          285    .text.USBD_FS_ProductStrDescriptor  usbd_desc.o
    0x08009c70   0x08009c70   0x00000028   Code   RO          287    .text.USBD_FS_SerialStrDescriptor  usbd_desc.o
    0x08009c98   0x08009c98   0x00000070   Code   RO         2074    .text.USBD_GetConfig  usbd_ctlreq.o
    0x08009d08   0x08009d08   0x00000344   Code   RO         2068    .text.USBD_GetDescriptor  usbd_ctlreq.o
    0x0800a04c   0x0800a04c   0x0000007e   Code   RO         2051    .text.USBD_GetEpDesc  usbd_core.o
    0x0800a0ca   0x0800a0ca   0x00000002   PAD
    0x0800a0cc   0x0800a0cc   0x00000038   Code   RO         2094    .text.USBD_GetLen   usbd_ctlreq.o
    0x0800a104   0x0800a104   0x00000030   Code   RO         2053    .text.USBD_GetNextDesc  usbd_core.o
    0x0800a134   0x0800a134   0x0000006e   Code   RO         2076    .text.USBD_GetStatus  usbd_ctlreq.o
    0x0800a1a2   0x0800a1a2   0x00000002   PAD
    0x0800a1a4   0x0800a1a4   0x000000d0   Code   RO         2092    .text.USBD_GetString  usbd_ctlreq.o
    0x0800a274   0x0800a274   0x00000056   Code   RO          370    .text.USBD_Get_USB_Status  usbd_conf.o
    0x0800a2ca   0x0800a2ca   0x00000002   PAD
    0x0800a2cc   0x0800a2cc   0x0000007e   Code   RO         2007    .text.USBD_Init     usbd_core.o
    0x0800a34a   0x0800a34a   0x00000002   PAD
    0x0800a34c   0x0800a34c   0x00000042   Code   RO          384    .text.USBD_LL_ClearStallEP  usbd_conf.o
    0x0800a38e   0x0800a38e   0x00000002   PAD
    0x0800a390   0x0800a390   0x00000042   Code   RO          378    .text.USBD_LL_CloseEP  usbd_conf.o
    0x0800a3d2   0x0800a3d2   0x00000002   PAD
    0x0800a3d4   0x0800a3d4   0x000001d6   Code   RO         2031    .text.USBD_LL_DataInStage  usbd_core.o
    0x0800a5aa   0x0800a5aa   0x00000002   PAD
    0x0800a5ac   0x0800a5ac   0x000001ec   Code   RO         2025    .text.USBD_LL_DataOutStage  usbd_core.o
    0x0800a798   0x0800a798   0x0000000e   Code   RO         2047    .text.USBD_LL_DevConnected  usbd_core.o
    0x0800a7a6   0x0800a7a6   0x00000002   PAD
    0x0800a7a8   0x0800a7a8   0x0000004e   Code   RO         2049    .text.USBD_LL_DevDisconnected  usbd_core.o
    0x0800a7f6   0x0800a7f6   0x00000002   PAD
    0x0800a7f8   0x0800a7f8   0x00000024   Code   RO          394    .text.USBD_LL_GetRxDataSize  usbd_conf.o
    0x0800a81c   0x0800a81c   0x00000092   Code   RO          366    .text.USBD_LL_Init  usbd_conf.o
    0x0800a8ae   0x0800a8ae   0x00000002   PAD
    0x0800a8b0   0x0800a8b0   0x00000062   Code   RO          386    .text.USBD_LL_IsStallEP  usbd_conf.o
    0x0800a912   0x0800a912   0x00000002   PAD
    0x0800a914   0x0800a914   0x00000082   Code   RO         2043    .text.USBD_LL_IsoINIncomplete  usbd_core.o
    0x0800a996   0x0800a996   0x00000002   PAD
    0x0800a998   0x0800a998   0x00000082   Code   RO         2045    .text.USBD_LL_IsoOUTIncomplete  usbd_core.o
    0x0800aa1a   0x0800aa1a   0x00000002   PAD
    0x0800aa1c   0x0800aa1c   0x0000005e   Code   RO          376    .text.USBD_LL_OpenEP  usbd_conf.o
    0x0800aa7a   0x0800aa7a   0x00000002   PAD
    0x0800aa7c   0x0800aa7c   0x00000056   Code   RO          392    .text.USBD_LL_PrepareReceive  usbd_conf.o
    0x0800aad2   0x0800aad2   0x00000002   PAD
    0x0800aad4   0x0800aad4   0x000000c2   Code   RO         2033    .text.USBD_LL_Reset  usbd_core.o
    0x0800ab96   0x0800ab96   0x00000002   PAD
    0x0800ab98   0x0800ab98   0x00000028   Code   RO         2039    .text.USBD_LL_Resume  usbd_core.o
    0x0800abc0   0x0800abc0   0x00000048   Code   RO         2041    .text.USBD_LL_SOF   usbd_core.o
    0x0800ac08   0x0800ac08   0x0000001e   Code   RO         2035    .text.USBD_LL_SetSpeed  usbd_core.o
    0x0800ac26   0x0800ac26   0x00000002   PAD
    0x0800ac28   0x0800ac28   0x00000042   Code   RO          388    .text.USBD_LL_SetUSBAddress  usbd_conf.o
    0x0800ac6a   0x0800ac6a   0x00000002   PAD
    0x0800ac6c   0x0800ac6c   0x0000009e   Code   RO         2023    .text.USBD_LL_SetupStage  usbd_core.o
    0x0800ad0a   0x0800ad0a   0x00000002   PAD
    0x0800ad0c   0x0800ad0c   0x00000042   Code   RO          382    .text.USBD_LL_StallEP  usbd_conf.o
    0x0800ad4e   0x0800ad4e   0x00000002   PAD
    0x0800ad50   0x0800ad50   0x00000036   Code   RO          372    .text.USBD_LL_Start  usbd_conf.o
    0x0800ad86   0x0800ad86   0x00000002   PAD
    0x0800ad88   0x0800ad88   0x00000030   Code   RO         2037    .text.USBD_LL_Suspend  usbd_core.o
    0x0800adb8   0x0800adb8   0x00000056   Code   RO          390    .text.USBD_LL_Transmit  usbd_conf.o
    0x0800ae0e   0x0800ae0e   0x00000002   PAD
    0x0800ae10   0x0800ae10   0x0000006a   Code   RO         2088    .text.USBD_ParseSetupRequest  usbd_ctlreq.o
    0x0800ae7a   0x0800ae7a   0x00000002   PAD
    0x0800ae7c   0x0800ae7c   0x00000084   Code   RO         2011    .text.USBD_RegisterClass  usbd_core.o
    0x0800af00   0x0800af00   0x0000000e   Code   RO         2017    .text.USBD_RunTestMode  usbd_core.o
    0x0800af0e   0x0800af0e   0x00000002   PAD
    0x0800af10   0x0800af10   0x000000a0   Code   RO         2070    .text.USBD_SetAddress  usbd_ctlreq.o
    0x0800afb0   0x0800afb0   0x00000046   Code   RO         2019    .text.USBD_SetClassConfig  usbd_core.o
    0x0800aff6   0x0800aff6   0x00000002   PAD
    0x0800aff8   0x0800aff8   0x000001b8   Code   RO         2072    .text.USBD_SetConfig  usbd_ctlreq.o
    0x0800b1b0   0x0800b1b0   0x0000005c   Code   RO         2078    .text.USBD_SetFeature  usbd_ctlreq.o
    0x0800b20c   0x0800b20c   0x00000014   Code   RO         2013    .text.USBD_Start    usbd_core.o
    0x0800b220   0x0800b220   0x000000dc   Code   RO         2066    .text.USBD_StdDevReq  usbd_ctlreq.o
    0x0800b2fc   0x0800b2fc   0x0000040c   Code   RO         2086    .text.USBD_StdEPReq  usbd_ctlreq.o
    0x0800b708   0x0800b708   0x0000010e   Code   RO         2084    .text.USBD_StdItfReq  usbd_ctlreq.o
    0x0800b816   0x0800b816   0x00000002   PAD
    0x0800b818   0x0800b818   0x0000000c   Code   RO          398    .text.USBD_static_free  usbd_conf.o
    0x0800b824   0x0800b824   0x00000014   Code   RO          396    .text.USBD_static_malloc  usbd_conf.o
    0x0800b838   0x0800b838   0x000000e8   Code   RO          545    .text.USB_ActivateEndpoint  stm32f4xx_ll_usb.o
    0x0800b920   0x0800b920   0x00000030   Code   RO          587    .text.USB_ActivateSetup  stm32f4xx_ll_usb.o
    0x0800b950   0x0800b950   0x000000ea   Code   RO          521    .text.USB_CoreInit  stm32f4xx_ll_usb.o
    0x0800ba3a   0x0800ba3a   0x00000002   PAD
    0x0800ba3c   0x0800ba3c   0x0000008e   Code   RO          523    .text.USB_CoreReset  stm32f4xx_ll_usb.o
    0x0800baca   0x0800baca   0x00000002   PAD
    0x0800bacc   0x0800bacc   0x00000154   Code   RO          549    .text.USB_DeactivateEndpoint  stm32f4xx_ll_usb.o
    0x0800bc20   0x0800bc20   0x0000002e   Code   RO          569    .text.USB_DevConnect  stm32f4xx_ll_usb.o
    0x0800bc4e   0x0800bc4e   0x00000002   PAD
    0x0800bc50   0x0800bc50   0x0000002e   Code   RO          571    .text.USB_DevDisconnect  stm32f4xx_ll_usb.o
    0x0800bc7e   0x0800bc7e   0x00000002   PAD
    0x0800bc80   0x0800bc80   0x000002c6   Code   RO          535    .text.USB_DevInit   stm32f4xx_ll_usb.o
    0x0800bf46   0x0800bf46   0x00000002   PAD
    0x0800bf48   0x0800bf48   0x00000018   Code   RO          529    .text.USB_DisableGlobalInt  stm32f4xx_ll_usb.o
    0x0800bf60   0x0800bf60   0x000000b2   Code   RO          589    .text.USB_EP0_OutStart  stm32f4xx_ll_usb.o
    0x0800c012   0x0800c012   0x00000002   PAD
    0x0800c014   0x0800c014   0x000000a8   Code   RO          563    .text.USB_EPClearStall  stm32f4xx_ll_usb.o
    0x0800c0bc   0x0800c0bc   0x000000b8   Code   RO          561    .text.USB_EPSetStall  stm32f4xx_ll_usb.o
    0x0800c174   0x0800c174   0x00000422   Code   RO          553    .text.USB_EPStartXfer  stm32f4xx_ll_usb.o
    0x0800c596   0x0800c596   0x00000002   PAD
    0x0800c598   0x0800c598   0x00000128   Code   RO          557    .text.USB_EPStopXfer  stm32f4xx_ll_usb.o
    0x0800c6c0   0x0800c6c0   0x00000018   Code   RO          527    .text.USB_EnableGlobalInt  stm32f4xx_ll_usb.o
    0x0800c6d8   0x0800c6d8   0x00000078   Code   RO          541    .text.USB_FlushRxFifo  stm32f4xx_ll_usb.o
    0x0800c750   0x0800c750   0x00000084   Code   RO          539    .text.USB_FlushTxFifo  stm32f4xx_ll_usb.o
    0x0800c7d4   0x0800c7d4   0x00000052   Code   RO          543    .text.USB_GetDevSpeed  stm32f4xx_ll_usb.o
    0x0800c826   0x0800c826   0x00000002   PAD
    0x0800c828   0x0800c828   0x00000014   Code   RO          533    .text.USB_GetMode   stm32f4xx_ll_usb.o
    0x0800c83c   0x0800c83c   0x00000028   Code   RO          579    .text.USB_ReadDevAllInEpInterrupt  stm32f4xx_ll_usb.o
    0x0800c864   0x0800c864   0x00000028   Code   RO          577    .text.USB_ReadDevAllOutEpInterrupt  stm32f4xx_ll_usb.o
    0x0800c88c   0x0800c88c   0x00000056   Code   RO          583    .text.USB_ReadDevInEPInterrupt  stm32f4xx_ll_usb.o
    0x0800c8e2   0x0800c8e2   0x00000002   PAD
    0x0800c8e4   0x0800c8e4   0x00000036   Code   RO          581    .text.USB_ReadDevOutEPInterrupt  stm32f4xx_ll_usb.o
    0x0800c91a   0x0800c91a   0x00000002   PAD
    0x0800c91c   0x0800c91c   0x0000001e   Code   RO          573    .text.USB_ReadInterrupts  stm32f4xx_ll_usb.o
    0x0800c93a   0x0800c93a   0x00000002   PAD
    0x0800c93c   0x0800c93c   0x000000c8   Code   RO          559    .text.USB_ReadPacket  stm32f4xx_ll_usb.o
    0x0800ca04   0x0800ca04   0x000000ee   Code   RO          531    .text.USB_SetCurrentMode  stm32f4xx_ll_usb.o
    0x0800caf2   0x0800caf2   0x00000002   PAD
    0x0800caf4   0x0800caf4   0x00000042   Code   RO          567    .text.USB_SetDevAddress  stm32f4xx_ll_usb.o
    0x0800cb36   0x0800cb36   0x00000002   PAD
    0x0800cb38   0x0800cb38   0x0000002c   Code   RO          537    .text.USB_SetDevSpeed  stm32f4xx_ll_usb.o
    0x0800cb64   0x0800cb64   0x000001d0   Code   RO          525    .text.USB_SetTurnaroundTime  stm32f4xx_ll_usb.o
    0x0800cd34   0x0800cd34   0x00000094   Code   RO          555    .text.USB_WritePacket  stm32f4xx_ll_usb.o
    0x0800cdc8   0x0800cdc8   0x00000004   Code   RO          185    .text.UsageFault_Handler  stm32f4xx_it.o
    0x0800cdcc   0x0800cdcc   0x00000008   Code   RO         2446    .text._GLOBAL__sub_I_crt_chassis.cpp  crt_chassis.o
    0x0800cdd4   0x0800cdd4   0x00000018   Code   RO         2742    .text._GLOBAL__sub_I_task.cpp  task.o
    0x0800cdec   0x0800cdec   0x0000006a   Code   RO         2215    .text._Z14Math_ConstrainIfEvPT_S0_S0_  alg_pid.o
    0x0800ce56   0x0800ce56   0x00000002   PAD
    0x0800ce58   0x0800ce58   0x0000002c   Code   RO         2413    .text._Z14UART_Send_DataP20__UART_HandleTypeDefPht  drv_uart.o
    0x0800ce84   0x0800ce84   0x000001a4   Code   RO         2476    .text._Z16allocate_tx_dataP17CAN_HandleTypeDef17Enum_DJI_Motor_ID  dvc_djimotor.o
    0x0800d028   0x0800d028   0x00000024   Code   RO         2732    .text._Z19DR16_UART3_CallbackPht  task.o
    0x0800d04c   0x0800d04c   0x00000024   Code   RO         2734    .text._Z20Image_UART1_CallbackPht  task.o
    0x0800d070   0x0800d070   0x000000d0   Code   RO         2736    .text._Z21Task1ms_TIM5_Callbackv  task.o
    0x0800d140   0x0800d140   0x0000002a   Code   RO         2353    .text._Z22Math_Endian_Reverse_16PvS_  drv_math.o
    0x0800d16a   0x0800d16a   0x00000002   PAD
    0x0800d16c   0x0800d16c   0x000000bc   Code   RO         2265    .text._Z22can_filter_mask_configP17CAN_HandleTypeDefhjj  drv_can.o
    0x0800d228   0x0800d228   0x0000008e   Code   RO         2730    .text._Z28Chassis_Device_CAN1_CallbackP20Struct_CAN_Rx_Buffer  task.o
    0x0800d2b6   0x0800d2b6   0x00000002   PAD
    0x0800d2b8   0x0800d2b8   0x00000022   Code   RO         2415    .text._Z30TIM_UART_PeriodElapsedCallbackv  drv_uart.o
    0x0800d2da   0x0800d2da   0x00000002   PAD
    0x0800d2dc   0x0800d2dc   0x0000003e   Code   RO         2213    .text._Z8Math_AbsIfET_S0_  alg_pid.o
    0x0800d31a   0x0800d31a   0x00000002   PAD
    0x0800d31c   0x0800d31c   0x0000019e   Code   RO         2411    .text._Z9UART_InitP20__UART_HandleTypeDefPFvPhtEt  drv_uart.o
    0x0800d4ba   0x0800d4ba   0x00000002   PAD
    0x0800d4bc   0x0800d4bc   0x00000012   Code   RO         2771    .text._ZN10Class_DR1610Get_Left_XEv  task.o
    0x0800d4ce   0x0800d4ce   0x00000002   PAD
    0x0800d4d0   0x0800d4d0   0x00000012   Code   RO         2777    .text._ZN10Class_DR1610Get_Left_YEv  task.o
    0x0800d4e2   0x0800d4e2   0x00000002   PAD
    0x0800d4e4   0x0800d4e4   0x00000012   Code   RO         2783    .text._ZN10Class_DR1611Get_Right_XEv  task.o
    0x0800d4f6   0x0800d4f6   0x00000002   PAD
    0x0800d4f8   0x0800d4f8   0x000000ee   Code   RO         2533    .text._ZN10Class_DR1612Judge_SwitchEP23Enum_DR16_Switch_Statushh  dvc_dr16.o
    0x0800d5e6   0x0800d5e6   0x00000002   PAD
    0x0800d5e8   0x0800d5e8   0x0000010c   Code   RO         2537    .text._ZN10Class_DR1612Judge_UpdataE21Struct_DR16_UART_DataS0_  dvc_dr16.o
    0x0800d6f4   0x0800d6f4   0x00000012   Code   RO         2561    .text._ZN10Class_DR1616Get_Image_StatusEv  dvc_dr16.o
    0x0800d706   0x0800d706   0x00000002   PAD
    0x0800d708   0x0800d708   0x00000290   Code   RO         2539    .text._ZN10Class_DR1617DR16_Data_ProcessEv  dvc_dr16.o
    0x0800d998   0x0800d998   0x00000130   Code   RO         2541    .text._ZN10Class_DR1618Image_Data_ProcessEPh  dvc_dr16.o
    0x0800dac8   0x0800dac8   0x00000036   Code   RO         2543    .text._ZN10Class_DR1624DR16_UART_RxCpltCallbackEPh  dvc_dr16.o
    0x0800dafe   0x0800dafe   0x00000002   PAD
    0x0800db00   0x0800db00   0x000000a0   Code   RO         2545    .text._ZN10Class_DR1625Image_UART_RxCpltCallbackEPh  dvc_dr16.o
    0x0800dba0   0x0800dba0   0x000001b6   Code   RO         2531    .text._ZN10Class_DR164InitEP20__UART_HandleTypeDefS1_  dvc_dr16.o
    0x0800dd56   0x0800dd56   0x00000002   PAD
    0x0800dd58   0x0800dd58   0x0000008e   Code   RO         2535    .text._ZN10Class_DR169Judge_KeyEP20Enum_DR16_Key_Statushh  dvc_dr16.o
    0x0800dde6   0x0800dde6   0x00000002   PAD
    0x0800dde8   0x0800dde8   0x0000003e   Code   RO         2765    .text._ZN10Class_DR16C2Ev  task.o
    0x0800de26   0x0800de26   0x00000002   PAD
    0x0800de28   0x0800de28   0x0000003a   Code   RO         2250    .text._ZN11Class_Slope4InitEff  alg_slope.o
    0x0800de62   0x0800de62   0x00000002   PAD
    0x0800de64   0x0800de64   0x00000016   Code   RO         2791    .text._ZN11Class_SlopeC2Ev  task.o
    0x0800de7a   0x0800de7a   0x00000002   PAD
    0x0800de7c   0x0800de7c   0x00000018   Code   RO         2793    .text._ZN14Class_SupercapC2Ev  task.o
    0x0800de94   0x0800de94   0x000001b4   Code   RO         2504    .text._ZN20Class_DJI_Motor_C62012Data_ProcessEv  dvc_djimotor.o
    0x0800e048   0x0800e048   0x00000012   Code   RO         2465    .text._ZN20Class_DJI_Motor_C62014Get_Output_MaxEv  crt_chassis.o
    0x0800e05a   0x0800e05a   0x00000002   PAD
    0x0800e05c   0x0800e05c   0x00000024   Code   RO         2508    .text._ZN20Class_DJI_Motor_C62018CAN_RxCpltCallbackEPh  dvc_djimotor.o
    0x0800e080   0x0800e080   0x00000022   Code   RO         2471    .text._ZN20Class_DJI_Motor_C62023Set_Target_Omega_RadianEf  crt_chassis.o
    0x0800e0a2   0x0800e0a2   0x00000002   PAD
    0x0800e0a4   0x0800e0a4   0x0000001e   Code   RO         2467    .text._ZN20Class_DJI_Motor_C62028Set_DJI_Motor_Control_MethodE29Enum_DJI_Motor_Control_Method  crt_chassis.o
    0x0800e0c2   0x0800e0c2   0x00000002   PAD
    0x0800e0c4   0x0800e0c4   0x0000010a   Code   RO         2512    .text._ZN20Class_DJI_Motor_C62029TIM_PID_PeriodElapsedCallbackEv  dvc_djimotor.o
    0x0800e1ce   0x0800e1ce   0x00000002   PAD
    0x0800e1d0   0x0800e1d0   0x000000b8   Code   RO         2502    .text._ZN20Class_DJI_Motor_C6204InitEP17CAN_HandleTypeDef17Enum_DJI_Motor_ID29Enum_DJI_Motor_Control_Methodff  dvc_djimotor.o
    0x0800e288   0x0800e288   0x00000034   Code   RO         2506    .text._ZN20Class_DJI_Motor_C6206OutputEv  dvc_djimotor.o
    0x0800e2bc   0x0800e2bc   0x00000022   Code   RO         2473    .text._ZN20Class_DJI_Motor_C6207Set_OutEf  crt_chassis.o
    0x0800e2de   0x0800e2de   0x00000002   PAD
    0x0800e2e0   0x0800e2e0   0x00000064   Code   RO         2763    .text._ZN20Class_DJI_Motor_C620C2Ev  task.o
    0x0800e344   0x0800e344   0x00000016   Code   RO         2785    .text._ZN22Class_Tricycle_Chassis13Get_Omega_MaxEv  task.o
    0x0800e35a   0x0800e35a   0x00000002   PAD
    0x0800e35c   0x0800e35c   0x00000026   Code   RO         2781    .text._ZN22Class_Tricycle_Chassis16Set_Target_OmegaEf  task.o
    0x0800e382   0x0800e382   0x00000002   PAD
    0x0800e384   0x0800e384   0x00000294   Code   RO         2442    .text._ZN22Class_Tricycle_Chassis16Speed_ResolutionEv  crt_chassis.o
    0x0800e618   0x0800e618   0x00000016   Code   RO         2773    .text._ZN22Class_Tricycle_Chassis18Get_Velocity_X_MaxEv  task.o
    0x0800e62e   0x0800e62e   0x00000002   PAD
    0x0800e630   0x0800e630   0x00000016   Code   RO         2779    .text._ZN22Class_Tricycle_Chassis18Get_Velocity_Y_MaxEv  task.o
    0x0800e646   0x0800e646   0x00000002   PAD
    0x0800e648   0x0800e648   0x00000026   Code   RO         2769    .text._ZN22Class_Tricycle_Chassis21Set_Target_Velocity_XEf  task.o
    0x0800e66e   0x0800e66e   0x00000002   PAD
    0x0800e670   0x0800e670   0x00000026   Code   RO         2775    .text._ZN22Class_Tricycle_Chassis21Set_Target_Velocity_YEf  task.o
    0x0800e696   0x0800e696   0x00000002   PAD
    0x0800e698   0x0800e698   0x0000001e   Code   RO         2787    .text._ZN22Class_Tricycle_Chassis24Set_Chassis_Control_TypeE25Enum_Chassis_Control_Type  task.o
    0x0800e6b6   0x0800e6b6   0x00000002   PAD
    0x0800e6b8   0x0800e6b8   0x0000001c   Code   RO         2444    .text._ZN22Class_Tricycle_Chassis35TIM_Calculate_PeriodElapsedCallbackE18Enum_Sprint_Status  crt_chassis.o
    0x0800e6d4   0x0800e6d4   0x000001c8   Code   RO         2440    .text._ZN22Class_Tricycle_Chassis4InitEffff  crt_chassis.o
    0x0800e89c   0x0800e89c   0x000000b6   Code   RO         2767    .text._ZN22Class_Tricycle_ChassisC2Ev  task.o
    0x0800e952   0x0800e952   0x00000002   PAD
    0x0800e954   0x0800e954   0x00000022   Code   RO         2524    .text._ZN9Class_PID10Set_TargetEf  dvc_djimotor.o
    0x0800e976   0x0800e976   0x00000002   PAD
    0x0800e978   0x0800e978   0x00000022   Code   RO         2469    .text._ZN9Class_PID18Set_Integral_ErrorEf  crt_chassis.o
    0x0800e99a   0x0800e99a   0x00000002   PAD
    0x0800e99c   0x0800e99c   0x000002ba   Code   RO         2201    .text._ZN9Class_PID32TIM_Adjust_PeriodElapsedCallbackEv  alg_pid.o
    0x0800ec56   0x0800ec56   0x00000002   PAD
    0x0800ec58   0x0800ec58   0x000000dc   Code   RO         2199    .text._ZN9Class_PID4InitEfffffffffff16Enum_PID_D_First  alg_pid.o
    0x0800ed34   0x0800ed34   0x00000012   Code   RO         2528    .text._ZN9Class_PID7Get_OutEv  dvc_djimotor.o
    0x0800ed46   0x0800ed46   0x00000002   PAD
    0x0800ed48   0x0800ed48   0x00000022   Code   RO         2526    .text._ZN9Class_PID7Set_NowEf  dvc_djimotor.o
    0x0800ed6a   0x0800ed6a   0x00000002   PAD
    0x0800ed6c   0x0800ed6c   0x00000032   Code   RO         2789    .text._ZN9Class_PIDC2Ev  task.o
    0x0800ed9e   0x0800ed9e   0x00000002   PAD
    0x0800eda0   0x0800eda0   0x00000036   Code   RO          959    .text.__NVIC_EnableIRQ  stm32f4xx_hal_cortex.o
    0x0800edd6   0x0800edd6   0x00000002   PAD
    0x0800edd8   0x0800edd8   0x00000010   Code   RO          951    .text.__NVIC_GetPriorityGrouping  stm32f4xx_hal_cortex.o
    0x0800ede8   0x0800ede8   0x0000004a   Code   RO          953    .text.__NVIC_SetPriority  stm32f4xx_hal_cortex.o
    0x0800ee32   0x0800ee32   0x00000002   PAD
    0x0800ee34   0x0800ee34   0x00000040   Code   RO          947    .text.__NVIC_SetPriorityGrouping  stm32f4xx_hal_cortex.o
    0x0800ee74   0x0800ee74   0x00000050   Code   RO         2438    .text.__cxx_global_var_init  crt_chassis.o
    0x0800eec4   0x0800eec4   0x00000050   Code   RO         2720    .text.__cxx_global_var_init  task.o
    0x0800ef14   0x0800ef14   0x00000010   Code   RO         2722    .text.__cxx_global_var_init.1  task.o
    0x0800ef24   0x0800ef24   0x00000038   Code   RO         2724    .text.__cxx_global_var_init.2  task.o
    0x0800ef5c   0x0800ef5c   0x00000010   Code   RO         2726    .text.__cxx_global_var_init.3  task.o
    0x0800ef6c   0x0800ef6c   0x00000010   Code   RO         2728    .text.__cxx_global_var_init.4  task.o
    0x0800ef7c   0x0800ef7c   0x00000056   Code   RO           11    .text.main          main.o
    0x0800efd2   0x0800efd2   0x00000026   Code   RO         3284    i.__ARM_fpclassifyf  m_wm.l(fpclassifyf.o)
    0x0800eff8   0x0800eff8   0x00000250   Code   RO         2921    i.__hardfp_atan2f   m_wm.l(atan2f.o)
    0x0800f248   0x0800f248   0x00000006   Code   RO         3288    i.__mathlib_flt_infnan2  m_wm.l(funder.o)
    0x0800f24e   0x0800f24e   0x00000002   PAD
    0x0800f250   0x0800f250   0x00000010   Code   RO         3292    i.__mathlib_flt_underflow  m_wm.l(funder.o)
    0x0800f260   0x0800f260   0x00000062   Code   RO         2813    x$fpl$d2f           fz_wm.l(d2f.o)
    0x0800f2c2   0x0800f2c2   0x00000002   PAD
    0x0800f2c4   0x0800f2c4   0x00000150   Code   RO         2815    x$fpl$dadd          fz_wm.l(daddsub_clz.o)
    0x0800f414   0x0800f414   0x00000154   Code   RO         2831    x$fpl$dmul          fz_wm.l(dmul.o)
    0x0800f568   0x0800f568   0x0000009c   Code   RO         3073    x$fpl$dnaninf       fz_wm.l(dnaninf.o)
    0x0800f604   0x0800f604   0x0000000c   Code   RO         3075    x$fpl$dretinf       fz_wm.l(dretinf.o)
    0x0800f610   0x0800f610   0x000001d4   Code   RO         2817    x$fpl$dsub          fz_wm.l(daddsub_clz.o)
    0x0800f7e4   0x0800f7e4   0x00000056   Code   RO         2833    x$fpl$f2d           fz_wm.l(f2d.o)
    0x0800f83a   0x0800f83a   0x0000008c   Code   RO         3077    x$fpl$fnaninf       fz_wm.l(fnaninf.o)
    0x0800f8c6   0x0800f8c6   0x0000000a   Code   RO         3363    x$fpl$fpinit        fz_wm.l(fpinit.o)
    0x0800f8d0   0x0800f8d0   0x0000000a   Code   RO         3079    x$fpl$fretinf       fz_wm.l(fretinf.o)
    0x0800f8da   0x0800f8da   0x00000000   Code   RO         3081    x$fpl$usenofp       fz_wm.l(usenofp.o)
    0x0800f8da   0x0800f8da   0x00000010   Data   RO         1994    .rodata.AHBPrescTable  system_stm32f4xx.o
    0x0800f8ea   0x0800f8ea   0x00000008   Data   RO         1995    .rodata.APBPrescTable  system_stm32f4xx.o
    0x0800f8f2   0x0800f8f2   0x00000008   Data   RO          865    .rodata.DMA_CalcBaseAndBitshift.flagBitshiftOffset  stm32f4xx_hal_dma.o
    0x0800f8fa   0x0800f8fa   0x00000042   Data   RO          301    .rodata.str1.1      usbd_desc.o
    0x0800f93c   0x0800f93c   0x00000020   Data   RO         3801    Region$$Table       anon$$obj.o
    0x0800f95c   0x0800f95c   0x00000004   Data   RO         2454    .init_array         crt_chassis.o
    0x0800f960   0x0800f95c   0x00000004   Data   RO         2752    .init_array         task.o


    Execution Region RW_IRAM2 (Exec base: 0x10000000, Load base: 0x0800fa60, Size: 0x00000000, Max: 0x00010000, ABSOLUTE)

    **** No section assigned to this execution region ****


    Execution Region RW_IRAM1 (Exec base: 0x20000000, Load base: 0x0800f968, Size: 0x0000e980, Max: 0x00020000, ABSOLUTE)

    Exec Addr    Load Addr    Size         Type   Attr      Idx    E Section Name        Object

    0x20000000   0x0800f968   0x00000001   Data   RW         2167    .data.CDCCmdEpAdd   usbd_cdc.o
    0x20000001   0x0800f969   0x00000001   Data   RW         2165    .data.CDCInEpAdd    usbd_cdc.o
    0x20000002   0x0800f96a   0x00000001   Data   RW         2166    .data.CDCOutEpAdd   usbd_cdc.o
    0x20000003   0x0800f96b   0x00000001   PAD
    0x20000004   0x0800f96c   0x0000001c   Data   RW          297    .data.FS_Desc       usbd_desc.o
    0x20000020   0x0800f988   0x00000004   Data   RW         1993    .data.SystemCoreClock  system_stm32f4xx.o
    0x20000024   0x0800f98c   0x00000038   Data   RW         2163    .data.USBD_CDC      usbd_cdc.o
    0x2000005c   0x0800f9c4   0x00000043   Data   RW         2168    .data.USBD_CDC_CfgDesc  usbd_cdc.o
    0x2000009f   0x0800fa07   0x00000001   PAD
    0x200000a0   0x0800fa08   0x0000000a   Data   RW         2164    .data.USBD_CDC_DeviceQualifierDesc  usbd_cdc.o
    0x200000aa   0x0800fa12   0x00000002   PAD
    0x200000ac   0x0800fa14   0x00000012   Data   RW          298    .data.USBD_FS_DeviceDesc  usbd_desc.o
    0x200000be   0x0800fa26   0x00000002   PAD
    0x200000c0   0x0800fa28   0x00000014   Data   RW          326    .data.USBD_Interface_fops_FS  usbd_cdc_if.o
    0x200000d4   0x0800fa3c   0x00000004   Data   RW          299    .data.USBD_LangIDDesc  usbd_desc.o
    0x200000d8   0x0800fa40   0x0000001a   Data   RW          300    .data.USBD_StringSerial  usbd_desc.o
    0x200000f2   0x0800fa5a   0x00000001   Data   RW         1081    .data.uwTickFreq    stm32f4xx_hal.o
    0x200000f3   0x0800fa5b   0x00000001   PAD
    0x200000f4   0x0800fa5c   0x00000004   Data   RW         1080    .data.uwTickPrio    stm32f4xx_hal.o
    0x200000f8        -       0x00000060   Zero   RW         3658    .bss                c_w.l(libspace.o)
    0x20000158        -       0x00000008   Zero   RW         2279    .bss.CAN1_0x1ff_Tx_Data  drv_can.o
    0x20000160        -       0x00000008   Zero   RW         2280    .bss.CAN1_0x200_Tx_Data  drv_can.o
    0x20000168        -       0x00000008   Zero   RW         2281    .bss.CAN1_0x2ff_Tx_Data  drv_can.o
    0x20000170        -       0x0000002c   Zero   RW         2277    .bss.CAN1_Manage_Object  drv_can.o
    0x2000019c        -       0x00000008   Zero   RW         2290    .bss.CAN2_0x1ff_Tx_Data  drv_can.o
    0x200001a4        -       0x00000008   Zero   RW         2291    .bss.CAN2_0x200_Tx_Data  drv_can.o
    0x200001ac        -       0x00000008   Zero   RW         2292    .bss.CAN2_0x2ff_Tx_Data  drv_can.o
    0x200001b4        -       0x0000002c   Zero   RW         2278    .bss.CAN2_Manage_Object  drv_can.o
    0x200001e0        -       0x000000b4   Zero   RW         2747    .bss.DR16           task.o
    0x20000294        -       0x00000004   Zero   RW           51    .bss.HAL_RCC_CAN1_CLK_ENABLED  can.o
    0x20000298        -       0x00000001   Zero   RW         2549    .bss.Now            dvc_dr16.o
    0x20000299        -       0x00000001   Zero   RW         2550    .bss.Pre            dvc_dr16.o
    0x2000029a   0x0800fa60   0x00000002   PAD
    0x2000029c        -       0x00000008   Zero   RW         2395    .bss.TIM10_Manage_Object  drv_tim.o
    0x200002a4        -       0x00000008   Zero   RW         2396    .bss.TIM11_Manage_Object  drv_tim.o
    0x200002ac        -       0x00000008   Zero   RW         2397    .bss.TIM12_Manage_Object  drv_tim.o
    0x200002b4        -       0x00000008   Zero   RW         2398    .bss.TIM13_Manage_Object  drv_tim.o
    0x200002bc        -       0x00000008   Zero   RW         2399    .bss.TIM14_Manage_Object  drv_tim.o
    0x200002c4        -       0x00000008   Zero   RW         2386    .bss.TIM1_Manage_Object  drv_tim.o
    0x200002cc        -       0x00000008   Zero   RW         2387    .bss.TIM2_Manage_Object  drv_tim.o
    0x200002d4        -       0x00000008   Zero   RW         2388    .bss.TIM3_Manage_Object  drv_tim.o
    0x200002dc        -       0x00000008   Zero   RW         2389    .bss.TIM4_Manage_Object  drv_tim.o
    0x200002e4        -       0x00000008   Zero   RW         2390    .bss.TIM5_Manage_Object  drv_tim.o
    0x200002ec        -       0x00000008   Zero   RW         2391    .bss.TIM6_Manage_Object  drv_tim.o
    0x200002f4        -       0x00000008   Zero   RW         2392    .bss.TIM7_Manage_Object  drv_tim.o
    0x200002fc        -       0x00000008   Zero   RW         2393    .bss.TIM8_Manage_Object  drv_tim.o
    0x20000304        -       0x00000008   Zero   RW         2394    .bss.TIM9_Manage_Object  drv_tim.o
    0x2000030c        -       0x00000410   Zero   RW         2419    .bss.UART1_Manage_Object  drv_uart.o
    0x2000071c        -       0x00000410   Zero   RW         2420    .bss.UART2_Manage_Object  drv_uart.o
    0x20000b2c        -       0x00000410   Zero   RW         2421    .bss.UART3_Manage_Object  drv_uart.o
    0x20000f3c        -       0x00000410   Zero   RW         2422    .bss.UART4_Manage_Object  drv_uart.o
    0x2000134c        -       0x00000410   Zero   RW         2423    .bss.UART5_Manage_Object  drv_uart.o
    0x2000175c        -       0x00000410   Zero   RW         2424    .bss.UART6_Manage_Object  drv_uart.o
    0x20001b6c        -       0x00000001   Zero   RW         2096    .bss.USBD_SetConfig.cfgidx  usbd_ctlreq.o
    0x20001b6d   0x0800fa60   0x00000003   PAD
    0x20001b70        -       0x00000200   Zero   RW          302    .bss.USBD_StrDesc   usbd_desc.o
    0x20001d70        -       0x00000220   Zero   RW          403    .bss.USBD_static_malloc.mem  usbd_conf.o
    0x20001f90        -       0x00000800   Zero   RW          327    .bss.UserRxBufferFS  usbd_cdc_if.o
    0x20002790        -       0x00000800   Zero   RW          328    .bss.UserTxBufferFS  usbd_cdc_if.o
    0x20002f90        -       0x0000000c   Zero   RW         2448    .bss._ZL13WHEEL_AZIMUTH  crt_chassis.o
    0x20002f9c        -       0x0000000c   Zero   RW         2744    .bss._ZL13WHEEL_AZIMUTH  task.o
    0x20002fa8        -       0x00000524   Zero   RW         2749    .bss.chassis        task.o
    0x200034cc        -       0x000002dc   Zero   RW          267    .bss.hUsbDeviceFS   usb_device.o
    0x200037a8        -       0x00000028   Zero   RW           49    .bss.hcan1          can.o
    0x200037d0        -       0x00000028   Zero   RW           50    .bss.hcan2          can.o
    0x200037f8        -       0x00000060   Zero   RW           83    .bss.hdma_i2c3_rx   i2c.o
    0x20003858        -       0x00000060   Zero   RW           84    .bss.hdma_i2c3_tx   i2c.o
    0x200038b8        -       0x00000060   Zero   RW          103    .bss.hdma_spi1_rx   spi.o
    0x20003918        -       0x00000060   Zero   RW          104    .bss.hdma_spi1_tx   spi.o
    0x20003978        -       0x00000060   Zero   RW          161    .bss.hdma_usart1_rx  usart.o
    0x200039d8        -       0x00000060   Zero   RW          162    .bss.hdma_usart1_tx  usart.o
    0x20003a38        -       0x00000060   Zero   RW          163    .bss.hdma_usart3_rx  usart.o
    0x20003a98        -       0x00000060   Zero   RW          164    .bss.hdma_usart6_rx  usart.o
    0x20003af8        -       0x00000060   Zero   RW          165    .bss.hdma_usart6_tx  usart.o
    0x20003b58        -       0x00000054   Zero   RW           82    .bss.hi2c3          i2c.o
    0x20003bac        -       0x000004e4   Zero   RW          402    .bss.hpcd_USB_OTG_FS  usbd_conf.o
    0x20004090        -       0x00000058   Zero   RW          102    .bss.hspi1          spi.o
    0x200040e8        -       0x00000048   Zero   RW          132    .bss.htim1          tim.o
    0x20004130        -       0x00000048   Zero   RW          136    .bss.htim10         tim.o
    0x20004178        -       0x00000048   Zero   RW          133    .bss.htim3          tim.o
    0x200041c0        -       0x00000048   Zero   RW          134    .bss.htim4          tim.o
    0x20004208        -       0x00000048   Zero   RW          135    .bss.htim5          tim.o
    0x20004250        -       0x00000048   Zero   RW          158    .bss.huart1         usart.o
    0x20004298        -       0x00000048   Zero   RW          159    .bss.huart3         usart.o
    0x200042e0        -       0x00000048   Zero   RW          160    .bss.huart6         usart.o
    0x20004328        -       0x0000010c   Zero   RW         2745    .bss.motor_3508     task.o
    0x20004434        -       0x0000053c   Zero   RW         2746    .bss.motor_wheel    task.o
    0x20004970        -       0x00000004   Zero   RW         1082    .bss.uwTick         stm32f4xx_hal.o
    0x20004974        -       0x00000004   Zero   RW         2750    .bss.v_x_max        task.o
    0x20004978        -       0x00000004   Zero   RW         2751    .bss.v_y_max        task.o
    0x2000497c   0x0800fa60   0x00000004   PAD
    0x20004980        -       0x00005000   Zero   RW            2    HEAP                startup_stm32f407xx.o
    0x20009980        -       0x00005000   Zero   RW            1    STACK               startup_stm32f407xx.o


==============================================================================

Image component sizes


      Code (inc. data)   RO Data    RW Data    ZI Data      Debug   Object Name

      1086          0          0          0          0      15829   alg_pid.o
        58          0          0          0          0      14116   alg_slope.o
       592          0          0          0         84       6785   can.o
      1382         56          4          0         12      57788   crt_chassis.o
       246          0          0          0          0       3351   dma.o
       748          0          0          0        136      14134   drv_can.o
        42          0          0          0          0      14728   drv_math.o
      1020          0          0          0        112       6422   drv_tim.o
       992          0          0          0       6240       8554   drv_uart.o
      1480         44          0          0          0      34501   dvc_djimotor.o
      2278          8          0          0          2      23719   dvc_dr16.o
       568          0          0          0          0       4208   gpio.o
       478          0          0          0        276       5711   i2c.o
       288          0          0          0          0       2991   main.o
       512          0          0          0        280       5562   spi.o
        64         26        392          0      40960        816   startup_stm32f407xx.o
       294          0          0          5          4       7849   stm32f4xx_hal.o
      3268          0          0          0          0      12842   stm32f4xx_hal_can.o
       560          0          0          0          0      10748   stm32f4xx_hal_cortex.o
      2222          8          8          0          0       8990   stm32f4xx_hal_dma.o
      1116          0          0          0          0       5450   stm32f4xx_hal_gpio.o
       706          0          0          0          0      38860   stm32f4xx_hal_i2c.o
        78          0          0          0          0       1510   stm32f4xx_hal_msp.o
      5298          0          0          0          0      15602   stm32f4xx_hal_pcd.o
       228          0          0          0          0       4700   stm32f4xx_hal_pcd_ex.o
      2742          0          0          0          0       7624   stm32f4xx_hal_rcc.o
       264          0          0          0          0      20652   stm32f4xx_hal_spi.o
      3612         14          0          0          0      38911   stm32f4xx_hal_tim.o
       508          0          0          0          0      16701   stm32f4xx_hal_tim_ex.o
      3960          0          0          0          0      22135   stm32f4xx_hal_uart.o
       378          0          0          0          0       4204   stm32f4xx_it.o
      5494          0          0          0          0      21006   stm32f4xx_ll_usb.o
        18          0         24          4          0       2659   system_stm32f4xx.o
      1536         28          4          0       3124      66246   task.o
      1406          0          0          0        360      10210   tim.o
      1222          0          0          0        696       8500   usart.o
       126          0          0          0        732       3446   usb_device.o
      2706         12          0        136          0      11910   usbd_cdc.o
       266         36          0         20       4096       2952   usbd_cdc_if.o
      1672          4          0          0       1796      15644   usbd_conf.o
      2504          0          0          0          0       9681   usbd_core.o
      3822         30          0          0          1       9143   usbd_ctlreq.o
       670          0         66         76        512       3609   usbd_desc.o
       374          0          0          0          0       4692   usbd_ioreq.o

    ----------------------------------------------------------------------
     59258        266        530        248      59432     605691   Object Totals
         0          0         32          0          0          0   (incl. Generated)
       374          0          0          7          9          0   (incl. Padding)

    ----------------------------------------------------------------------

      Code (inc. data)   RO Data    RW Data    ZI Data      Debug   Library Member Name

         8          0          0          0          0         68   __main.o
         0          0          0          0          0          0   __rtentry.o
        12          0          0          0          0          0   __rtentry2.o
         6          0          0          0          0          0   __rtentry4.o
        52          8          0          0          0          0   __scatter.o
        26          0          0          0          0          0   __scatter_copy.o
        28          0          0          0          0          0   __scatter_zi.o
       264          0          0          0          0         96   _get_argv.o
         4          0          0          0          0         68   argv_veneer.o
        10          0          0          0          0         68   defsig_exit.o
        50          0          0          0          0         88   defsig_general.o
        80         58          0          0          0         76   defsig_rtmem_inner.o
        14          0          0          0          0         80   defsig_rtmem_outer.o
        18          0          0          0          0         80   exit.o
        94          0          0          0          0         80   h1_alloc.o
        52          0          0          0          0         68   h1_extend.o
        78          0          0          0          0         80   h1_free.o
        14          0          0          0          0         84   h1_init.o
         6          0          0          0          0        152   heapauxi.o
         4          0          0          0          0        136   hguard.o
         4          0          0          0          0        136   hrguard.o
         0          0          0          0          0          0   indicate_semi.o
        36         10          0          0          0         80   init_aeabi.o
       138          0          0          0          0        168   init_alloc.o
         2          0          0          0          0          0   libinit.o
        26          0          0          0          0          0   libinit2.o
         2          0          0          0          0          0   libshutdown.o
         2          0          0          0          0          0   libshutdown2.o
         8          4          0          0         96         68   libspace.o
       238          0          0          0          0        100   lludivv7m.o
         0          0          0          0          0          0   maybetermalloc1.o
         8          4          0          0          0         68   rt_heap_descriptor_intlibspace.o
        78          0          0          0          0         80   rt_memclr_w.o
       138          0          0          0          0         68   rt_memcpy_v6.o
       100          0          0          0          0         80   rt_memcpy_w.o
         2          0          0          0          0          0   rtexit.o
        10          0          0          0          0          0   rtexit2.o
        24          0          0          0          0         76   sys_command.o
        12          4          0          0          0         68   sys_exit.o
        74          0          0          0          0         80   sys_stackheap_outer.o
        14          0          0          0          0         76   sys_wrch.o
         2          0          0          0          0         68   use_no_semi.o
        98          4          0          0          0        140   d2f.o
       804         16          0          0          0        376   daddsub_clz.o
       340         12          0          0          0        152   dmul.o
       156          4          0          0          0        140   dnaninf.o
        12          0          0          0          0        116   dretinf.o
        86          4          0          0          0        132   f2d.o
       140          4          0          0          0        132   fnaninf.o
        10          0          0          0          0        116   fpinit.o
        10          0          0          0          0        116   fretinf.o
         0          0          0          0          0          0   usenofp.o
       592         90          0          0          0        184   atan2f.o
        38          0          0          0          0        116   fpclassifyf.o
        22          6          0          0          0        232   funder.o

    ----------------------------------------------------------------------
      4056        228          0          0         96       4392   Library Totals
        10          0          0          0          0          0   (incl. Padding)

    ----------------------------------------------------------------------

      Code (inc. data)   RO Data    RW Data    ZI Data      Debug   Library Name

      1738         88          0          0         96       2440   c_w.l
      1656         44          0          0          0       1420   fz_wm.l
       652         96          0          0          0        532   m_wm.l

    ----------------------------------------------------------------------
      4056        228          0          0         96       4392   Library Totals

    ----------------------------------------------------------------------

==============================================================================


      Code (inc. data)   RO Data    RW Data    ZI Data      Debug   

     63314        494        530        248      59528     610287   Grand Totals
     63314        494        530        248      59528     610287   ELF Image Totals
     63314        494        530        248          0          0   ROM Totals

==============================================================================

    Total RO  Size (Code + RO Data)                63844 (  62.35kB)
    Total RW  Size (RW Data + ZI Data)             59776 (  58.38kB)
    Total ROM Size (Code + RO Data + RW Data)      64092 (  62.59kB)

==============================================================================

